<html>
<body>
<pre>
<h1>礦ision Build Log</h1>
<h2>Tool Versions:</h2>
IDE-Version: μVision V5.36.0.0
Copyright (C) 2021 ARM Ltd and ARM Germany GmbH. All rights reserved.
License Information: login login, login, LIC=BUURY-I523W-LQ40Q-NS1AG-61JVI-6DP5R
 
Tool Versions:
Toolchain:       MDK-ARM Plus  Version: 5.36.0.0
Toolchain Path:  E:\MDK5.36\ARM\ARMCC\Bin
C Compiler:      Armcc.exe V5.06 update 7 (build 960)
Assembler:       Armasm.exe V5.06 update 7 (build 960)
Linker/Locator:  ArmLink.exe V5.06 update 7 (build 960)
Library Manager: ArmAr.exe V5.06 update 7 (build 960)
Hex Converter:   FromElf.exe V5.06 update 7 (build 960)
CPU DLL:         SARMCM3.DLL V5.36.0.0
Dialog DLL:      DCM.DLL V1.17.3.0
Target DLL:      STLink\ST-LINKIII-KEIL_SWO.dll V3.0.9.0
Dialog DLL:      TCM.DLL V1.53.0.0
 
<h2>Project:</h2>
D:\Desktop\工程单环 - 副本\MDK-ARM\demo.uvprojx
Project File Date:  12/11/2024

<h2>Output:</h2>
*** Using Compiler 'V5.06 update 7 (build 960)', folder: 'E:\MDK5.36\ARM\ARMCC\Bin'
Build target 'demo'
compiling stm32f4xx_it.c...
compiling bsp_uart.c...
compiling usart.c...
compiling main.c...
compiling bsp_can.c...
compiling freertos.c...
../Drivers/CMSIS/Include/arm_math.h(4889): warning:  #223-D: function "__SMUAD" declared implicitly
      acc = (q31_t) __SMUAD((uint32_t)S->A0, (uint32_t)in);
../Drivers/CMSIS/Include/arm_math.h(4893): warning:  #223-D: function "__SMLALD" declared implicitly
      acc = (q63_t) __SMLALD((uint32_t)S->A1, (uint32_t)*vstate, (uint64_t)acc);
../Drivers/CMSIS/Include/arm_math.h(4907): warning:  #223-D: function "__SSAT" declared implicitly
      out = (q15_t) (__SSAT((acc >> 15), 16));
../Drivers/CMSIS/Include/arm_math.h(5032): warning:  #223-D: function "__QADD" declared implicitly
      *pIbeta = __QADD(product1, product2);
../Drivers/CMSIS/Include/arm_math.h(5129): warning:  #223-D: function "__QSUB" declared implicitly
      *pIb = __QSUB(product2, product1);
../Drivers/CMSIS/Include/arm_math.h(5250): warning:  #223-D: function "__QADD" declared implicitly
      *pId = __QADD(product1, product2);
../Drivers/CMSIS/Include/arm_math.h(5253): warning:  #223-D: function "__QSUB" declared implicitly
      *pIq = __QSUB(product4, product3);
../Drivers/CMSIS/Include/arm_math.h(5363): warning:  #223-D: function "__QSUB" declared implicitly
      *pIalpha = __QSUB(product1, product2);
../Drivers/CMSIS/Include/arm_math.h(5366): warning:  #223-D: function "__QADD" declared implicitly
      *pIbeta = __QADD(product4, product3);
../Src/freertos.c: 9 warnings, 0 errors
linking...
Program Size: Code=41432 RO-data=3160 RW-data=400 ZI-data=21000  
FromELF: creating hex file...
"demo\demo.axf" - 0 Error(s), 9 Warning(s).

<h2>Software Packages used:</h2>

Package Vendor: ARM
                http://www.keil.com/pack/ARM.CMSIS.5.8.0.pack
                ARM.CMSIS.5.8.0
                CMSIS (Common Microcontroller Software Interface Standard)
   * Component: CORE Version: 5.5.0

Package Vendor: Keil
                http://www.keil.com/pack/Keil.STM32F4xx_DFP.2.15.0.pack
                Keil.STM32F4xx_DFP.2.15.0
                STMicroelectronics STM32F4 Series Device Support, Drivers and Examples

<h2>Collection of Component include folders:</h2>
  .\RTE\_demo
  E:\MDK5.36\Packs\ARM\CMSIS\5.8.0\CMSIS\Core\Include
  E:\MDK5.36\Packs\Keil\STM32F4xx_DFP\2.15.0\Drivers\CMSIS\Device\ST\STM32F4xx\Include

<h2>Collection of Component Files used:</h2>

   * Component: ARM::CMSIS:CORE:5.5.0
Build Time Elapsed:  00:00:02
</pre>
</body>
</html>
