Component: ARM Compiler 5.06 update 7 (build 960) Tool: armlink [4d3601]

==============================================================================

Section Cross References

    stm32f4xx_hal_can.o(i.CAN_Receive_IT) refers to bsp_can.o(i.HAL_CAN_RxCpltCallback) for HAL_CAN_RxCpltCallback
    stm32f4xx_hal_can.o(i.CAN_Transmit_IT) refers to stm32f4xx_hal_can.o(i.HAL_CAN_TxCpltCallback) for HAL_CAN_TxCpltCallback
    stm32f4xx_hal_can.o(i.HAL_CAN_DeInit) refers to can.o(i.HAL_CAN_MspDeInit) for HAL_CAN_MspDeInit
    stm32f4xx_hal_can.o(i.HAL_CAN_IRQHandler) refers to stm32f4xx_hal_can.o(i.CAN_Transmit_IT) for CAN_Transmit_IT
    stm32f4xx_hal_can.o(i.HAL_CAN_IRQHandler) refers to stm32f4xx_hal_can.o(i.CAN_Receive_IT) for CAN_Receive_IT
    stm32f4xx_hal_can.o(i.HAL_CAN_IRQHandler) refers to stm32f4xx_hal_can.o(i.HAL_CAN_ErrorCallback) for HAL_CAN_ErrorCallback
    stm32f4xx_hal_can.o(i.HAL_CAN_Init) refers to can.o(i.HAL_CAN_MspInit) for HAL_CAN_MspInit
    stm32f4xx_hal_can.o(i.HAL_CAN_Init) refers to stm32f4xx_hal.o(i.HAL_GetTick) for HAL_GetTick
    stm32f4xx_hal_can.o(i.HAL_CAN_Receive) refers to stm32f4xx_hal.o(i.HAL_GetTick) for HAL_GetTick
    stm32f4xx_hal_can.o(i.HAL_CAN_Sleep) refers to stm32f4xx_hal.o(i.HAL_GetTick) for HAL_GetTick
    stm32f4xx_hal_can.o(i.HAL_CAN_Transmit) refers to stm32f4xx_hal.o(i.HAL_GetTick) for HAL_GetTick
    stm32f4xx_hal_can.o(i.HAL_CAN_WakeUp) refers to stm32f4xx_hal.o(i.HAL_GetTick) for HAL_GetTick
    stm32f4xx_hal_gpio.o(i.HAL_GPIO_EXTI_IRQHandler) refers to stm32f4xx_hal_gpio.o(i.HAL_GPIO_EXTI_Callback) for HAL_GPIO_EXTI_Callback
    stm32f4xx_hal_flash.o(i.FLASH_SetErrorCode) refers to stm32f4xx_hal_flash.o(.bss) for pFlash
    stm32f4xx_hal_flash.o(i.FLASH_WaitForLastOperation) refers to stm32f4xx_hal.o(i.HAL_GetTick) for HAL_GetTick
    stm32f4xx_hal_flash.o(i.FLASH_WaitForLastOperation) refers to stm32f4xx_hal_flash.o(i.FLASH_SetErrorCode) for FLASH_SetErrorCode
    stm32f4xx_hal_flash.o(i.FLASH_WaitForLastOperation) refers to stm32f4xx_hal_flash.o(.bss) for pFlash
    stm32f4xx_hal_flash.o(i.HAL_FLASH_GetError) refers to stm32f4xx_hal_flash.o(.bss) for pFlash
    stm32f4xx_hal_flash.o(i.HAL_FLASH_IRQHandler) refers to stm32f4xx_hal_flash.o(i.FLASH_SetErrorCode) for FLASH_SetErrorCode
    stm32f4xx_hal_flash.o(i.HAL_FLASH_IRQHandler) refers to stm32f4xx_hal_flash.o(i.HAL_FLASH_OperationErrorCallback) for HAL_FLASH_OperationErrorCallback
    stm32f4xx_hal_flash.o(i.HAL_FLASH_IRQHandler) refers to stm32f4xx_hal_flash.o(i.HAL_FLASH_EndOfOperationCallback) for HAL_FLASH_EndOfOperationCallback
    stm32f4xx_hal_flash.o(i.HAL_FLASH_IRQHandler) refers to stm32f4xx_hal_flash_ex.o(i.FLASH_Erase_Sector) for FLASH_Erase_Sector
    stm32f4xx_hal_flash.o(i.HAL_FLASH_IRQHandler) refers to stm32f4xx_hal_flash_ex.o(i.FLASH_FlushCaches) for FLASH_FlushCaches
    stm32f4xx_hal_flash.o(i.HAL_FLASH_IRQHandler) refers to stm32f4xx_hal_flash.o(.bss) for pFlash
    stm32f4xx_hal_flash.o(i.HAL_FLASH_OB_Launch) refers to stm32f4xx_hal_flash.o(i.FLASH_WaitForLastOperation) for FLASH_WaitForLastOperation
    stm32f4xx_hal_flash.o(i.HAL_FLASH_Program) refers to stm32f4xx_hal_flash.o(i.FLASH_WaitForLastOperation) for FLASH_WaitForLastOperation
    stm32f4xx_hal_flash.o(i.HAL_FLASH_Program) refers to stm32f4xx_hal_flash.o(i.FLASH_Program_Byte) for FLASH_Program_Byte
    stm32f4xx_hal_flash.o(i.HAL_FLASH_Program) refers to stm32f4xx_hal_flash.o(i.FLASH_Program_HalfWord) for FLASH_Program_HalfWord
    stm32f4xx_hal_flash.o(i.HAL_FLASH_Program) refers to stm32f4xx_hal_flash.o(i.FLASH_Program_Word) for FLASH_Program_Word
    stm32f4xx_hal_flash.o(i.HAL_FLASH_Program) refers to stm32f4xx_hal_flash.o(i.FLASH_Program_DoubleWord) for FLASH_Program_DoubleWord
    stm32f4xx_hal_flash.o(i.HAL_FLASH_Program) refers to stm32f4xx_hal_flash.o(.bss) for pFlash
    stm32f4xx_hal_flash.o(i.HAL_FLASH_Program_IT) refers to stm32f4xx_hal_flash.o(i.FLASH_Program_Byte) for FLASH_Program_Byte
    stm32f4xx_hal_flash.o(i.HAL_FLASH_Program_IT) refers to stm32f4xx_hal_flash.o(i.FLASH_Program_HalfWord) for FLASH_Program_HalfWord
    stm32f4xx_hal_flash.o(i.HAL_FLASH_Program_IT) refers to stm32f4xx_hal_flash.o(i.FLASH_Program_Word) for FLASH_Program_Word
    stm32f4xx_hal_flash.o(i.HAL_FLASH_Program_IT) refers to stm32f4xx_hal_flash.o(i.FLASH_Program_DoubleWord) for FLASH_Program_DoubleWord
    stm32f4xx_hal_flash.o(i.HAL_FLASH_Program_IT) refers to stm32f4xx_hal_flash.o(.bss) for pFlash
    stm32f4xx_hal_flash_ex.o(i.FLASH_OB_BootConfig) refers to stm32f4xx_hal_flash.o(i.FLASH_WaitForLastOperation) for FLASH_WaitForLastOperation
    stm32f4xx_hal_flash_ex.o(i.FLASH_OB_DisablePCROP) refers to stm32f4xx_hal_flash.o(i.FLASH_WaitForLastOperation) for FLASH_WaitForLastOperation
    stm32f4xx_hal_flash_ex.o(i.FLASH_OB_DisableWRP) refers to stm32f4xx_hal_flash.o(i.FLASH_WaitForLastOperation) for FLASH_WaitForLastOperation
[...]
    .data                                    0x2000012c   Section       95  bsp_imu.o(.data)
    gx                                       0x20000148   Data           4  bsp_imu.o(.data)
    gy                                       0x2000014c   Data           4  bsp_imu.o(.data)
    gz                                       0x20000150   Data           4  bsp_imu.o(.data)
    ax                                       0x20000154   Data           4  bsp_imu.o(.data)
    ay                                       0x20000158   Data           4  bsp_imu.o(.data)
    az                                       0x2000015c   Data           4  bsp_imu.o(.data)
    mx                                       0x20000160   Data           4  bsp_imu.o(.data)
    my                                       0x20000164   Data           4  bsp_imu.o(.data)
    mz                                       0x20000168   Data           4  bsp_imu.o(.data)
    tx                                       0x20000174   Data           1  bsp_imu.o(.data)
    rx                                       0x20000175   Data           1  bsp_imu.o(.data)
    tx_buff                                  0x20000176   Data          14  bsp_imu.o(.data)
    .data                                    0x2000018c   Section        4  errno.o(.data)
    _errno                                   0x2000018c   Data           4  errno.o(.data)
    .bss                                     0x20000190   Section      240  tasks.o(.bss)
    pxReadyTasksLists                        0x20000190   Data         140  tasks.o(.bss)
    xDelayedTaskList1                        0x2000021c   Data          20  tasks.o(.bss)
    xDelayedTaskList2                        0x20000230   Data          20  tasks.o(.bss)
    xPendingReadyList                        0x20000244   Data          20  tasks.o(.bss)
    xTasksWaitingTermination                 0x20000258   Data          20  tasks.o(.bss)
    xSuspendedTaskList                       0x2000026c   Data          20  tasks.o(.bss)
    .bss                                     0x20000280   Section    15360  heap_4.o(.bss)
    ucHeap                                   0x20000280   Data       15360  heap_4.o(.bss)
    .bss                                     0x20003e80   Section      360  tim.o(.bss)
    .bss                                     0x20003fe8   Section      704  usart.o(.bss)
    .bss                                     0x200042a8   Section      392  freertos.o(.bss)
    .bss                                     0x20004430   Section       60  stm32f4xx_hal_timebase_tim.o(.bss)
    .bss                                     0x2000446c   Section       88  spi.o(.bss)
    .bss                                     0x200044c4   Section      128  can.o(.bss)
    .bss                                     0x20004544   Section      560  bsp_can.o(.bss)
    Tx1Message                               0x200046f4   Data          28  bsp_can.o(.bss)
    Rx1Message                               0x20004710   Data          36  bsp_can.o(.bss)
    Tx2Message                               0x20004734   Data          28  bsp_can.o(.bss)
    Rx2Message                               0x20004750   Data          36  bsp_can.o(.bss)
    .bss                                     0x20004774   Section     1836  pid.o(.bss)
    .bss                                     0x20004ea0   Section      142  bsp_uart.o(.bss)
    .bss                                     0x20004f30   Section      100  bsp_imu.o(.bss)
    STACK                                    0x20004f98   Section     1024  startup_stm32f427xx.o(STACK)

    Global Symbols

    Symbol Name                              Value     Ov Type        Size  Object(Section)

    BuildAttributes$$THM_ISAv4$E$P$D$K$B$S$7EM$VFPi3$EXTD16$VFPS$VFMA$PE$A:L22UL41UL21$X:L11$S22US41US21$IEEE1$IW$USESV6$~STKCKD$USESV7$~SHL$OTIME$ROPI$IEEEX$EBA8$MICROLIB$REQ8$PRES8$EABIv2 0x00000000   Number         0  anon$$obj.o ABSOLUTE
    __ARM_use_no_argv                        0x00000000   Number         0  main.o ABSOLUTE
    __arm_fini_                               - Undefined Weak Reference
    __cpp_initialize__aeabi_                  - Undefined Weak Reference
    __cxa_finalize                            - Undefined Weak Reference
    _clock_init                               - Undefined Weak Reference
    _microlib_exit                            - Undefined Weak Reference
    __Vectors_Size                           0x000001ac   Number         0  startup_stm32f427xx.o ABSOLUTE
    __Vectors                                0x08000000   Data           4  startup_stm32f427xx.o(RESET)
    __Vectors_End                            0x080001ac   Data           0  startup_stm32f427xx.o(RESET)
    __main                                   0x080001ad   Thumb Code     0  entry.o(.ARM.Collect$$$$00000000)
    _main_stk                                0x080001ad   Thumb Code     0  entry2.o(.ARM.Collect$$$$00000001)
    _main_scatterload                        0x080001b1   Thumb Code     0  entry5.o(.ARM.Collect$$$$00000004)
    __main_after_scatterload                 0x080001b5   Thumb Code     0  entry5.o(.ARM.Collect$$$$00000004)
    _main_clock                              0x080001b5   Thumb Code     0  entry7b.o(.ARM.Collect$$$$00000008)
    _main_cpp_init                           0x080001b5   Thumb Code     0  entry8b.o(.ARM.Collect$$$$0000000A)
    _main_init                               0x080001b5   Thumb Code     0  entry9a.o(.ARM.Collect$$$$0000000B)
    __rt_lib_shutdown_fini                   0x080001bd   Thumb Code     0  entry12b.o(.ARM.Collect$$$$0000000E)
    __rt_final_cpp                           0x080001c1   Thumb Code     0  entry10a.o(.ARM.Collect$$$$0000000F)
    __rt_final_exit                          0x080001c1   Thumb Code     0  entry11a.o(.ARM.Collect$$$$00000011)
    SVC_Handler                              0x080001c5   Thumb Code    28  port.o(.emb_text)
    __asm___6_port_c_39a90d8d__prvStartFirstTask 0x080001e5   Thumb Code    28  port.o(.emb_text)
    __asm___6_port_c_39a90d8d__prvEnableVFP  0x08000205   Thumb Code    16  port.o(.emb_text)
    PendSV_Handler                           0x08000219   Thumb Code    92  port.o(.emb_text)
    vPortGetIPSR                             0x08000279   Thumb Code     6  port.o(.emb_text)
    Reset_Handler                            0x08000281   Thumb Code     8  startup_stm32f427xx.o(.text)
    ADC_IRQHandler                           0x0800029b   Thumb Code     0  startup_stm32f427xx.o(.text)
    CAN1_RX1_IRQHandler                      0x0800029b   Thumb Code     0  startup_stm32f427xx.o(.text)
    CAN1_SCE_IRQHandler                      0x0800029b   Thumb Code     0  startup_stm32f427xx.o(.text)
    CAN2_RX1_IRQHandler                      0x0800029b   Thumb Code     0  startup_stm32f427xx.o(.text)
    CAN2_SCE_IRQHandler                      0x0800029b   Thumb Code     0  startup_stm32f427xx.o(.text)
    DCMI_IRQHandler                          0x0800029b   Thumb Code     0  startup_stm32f427xx.o(.text)
    DMA1_Stream0_IRQHandler                  0x0800029b   Thumb Code     0  startup_stm32f427xx.o(.text)
    DMA1_Stream2_IRQHandler                  0x0800029b   Thumb Code     0  startup_stm32f427xx.o(.text)
    DMA1_Stream3_IRQHandler                  0x0800029b   Thumb Code     0  startup_stm32f427xx.o(.text)
    DMA1_Stream4_IRQHandler                  0x0800029b   Thumb Code     0  startup_stm32f427xx.o(.text)
    DMA1_Stream6_IRQHandler                  0x0800029b   Thumb Code     0  startup_stm32f427xx.o(.text)
    DMA1_Stream7_IRQHandler                  0x0800029b   Thumb Code     0  startup_stm32f427xx.o(.text)
    DMA2D_IRQHandler                         0x0800029b   Thumb Code     0  startup_stm32f427xx.o(.text)
    DMA2_Stream0_IRQHandler                  0x0800029b   Thumb Code     0  startup_stm32f427xx.o(.text)
    DMA2_Stream3_IRQHandler                  0x0800029b   Thumb Code     0  startup_stm32f427xx.o(.text)
    DMA2_Stream4_IRQHandler                  0x0800029b   Thumb Code     0  startup_stm32f427xx.o(.text)
    DMA2_Stream5_IRQHandler                  0x0800029b   Thumb Code     0  startup_stm32f427xx.o(.text)
    DMA2_Stream6_IRQHandler                  0x0800029b   Thumb Code     0  startup_stm32f427xx.o(.text)
    DMA2_Stream7_IRQHandler                  0x0800029b   Thumb Code     0  startup_stm32f427xx.o(.text)
    ETH_IRQHandler                           0x0800029b   Thumb Code     0  startup_stm32f427xx.o(.text)
    ETH_WKUP_IRQHandler                      0x0800029b   Thumb Code     0  startup_stm32f427xx.o(.text)
    EXTI0_IRQHandler                         0x0800029b   Thumb Code     0  startup_stm32f427xx.o(.text)
    EXTI15_10_IRQHandler                     0x0800029b   Thumb Code     0  startup_stm32f427xx.o(.text)
    EXTI1_IRQHandler                         0x0800029b   Thumb Code     0  startup_stm32f427xx.o(.text)
    EXTI2_IRQHandler                         0x0800029b   Thumb Code     0  startup_stm32f427xx.o(.text)
    EXTI3_IRQHandler                         0x0800029b   Thumb Code     0  startup_stm32f427xx.o(.text)
    EXTI4_IRQHandler                         0x0800029b   Thumb Code     0  startup_stm32f427xx.o(.text)
    EXTI9_5_IRQHandler                       0x0800029b   Thumb Code     0  startup_stm32f427xx.o(.text)
    FLASH_IRQHandler                         0x0800029b   Thumb Code     0  startup_stm32f427xx.o(.text)
    FMC_IRQHandler                           0x0800029b   Thumb Code     0  startup_stm32f427xx.o(.text)
    FPU_IRQHandler                           0x0800029b   Thumb Code     0  startup_stm32f427xx.o(.text)
    HASH_RNG_IRQHandler                      0x0800029b   Thumb Code     0  startup_stm32f427xx.o(.text)
    I2C1_ER_IRQHandler                       0x0800029b   Thumb Code     0  startup_stm32f427xx.o(.text)
    I2C1_EV_IRQHandler                       0x0800029b   Thumb Code     0  startup_stm32f427xx.o(.text)
    I2C2_ER_IRQHandler                       0x0800029b   Thumb Code     0  startup_stm32f427xx.o(.text)
    I2C2_EV_IRQHandler                       0x0800029b   Thumb Code     0  startup_stm32f427xx.o(.text)
    I2C3_ER_IRQHandler                       0x0800029b   Thumb Code     0  startup_stm32f427xx.o(.text)
    I2C3_EV_IRQHandler                       0x0800029b   Thumb Code     0  startup_stm32f427xx.o(.text)
    OTG_FS_IRQHandler                        0x0800029b   Thumb Code     0  startup_stm32f427xx.o(.text)
    OTG_FS_WKUP_IRQHandler                   0x0800029b   Thumb Code     0  startup_stm32f427xx.o(.text)
    OTG_HS_EP1_IN_IRQHandler                 0x0800029b   Thumb Code     0  startup_stm32f427xx.o(.text)
    OTG_HS_EP1_OUT_IRQHandler                0x0800029b   Thumb Code     0  startup_stm32f427xx.o(.text)
    OTG_HS_IRQHandler                        0x0800029b   Thumb Code     0  startup_stm32f427xx.o(.text)
    OTG_HS_WKUP_IRQHandler                   0x0800029b   Thumb Code     0  startup_stm32f427xx.o(.text)
    PVD_IRQHandler                           0x0800029b   Thumb Code     0  startup_stm32f427xx.o(.text)
    RCC_IRQHandler                           0x0800029b   Thumb Code     0  startup_stm32f427xx.o(.text)
    RTC_Alarm_IRQHandler                     0x0800029b   Thumb Code     0  startup_stm32f427xx.o(.text)
    RTC_WKUP_IRQHandler                      0x0800029b   Thumb Code     0  startup_stm32f427xx.o(.text)
    SAI1_IRQHandler                          0x0800029b   Thumb Code     0  startup_stm32f427xx.o(.text)
    SDIO_IRQHandler                          0x0800029b   Thumb Code     0  startup_stm32f427xx.o(.text)
    SPI1_IRQHandler                          0x0800029b   Thumb Code     0  startup_stm32f427xx.o(.text)
    SPI2_IRQHandler                          0x0800029b   Thumb Code     0  startup_stm32f427xx.o(.text)
    SPI3_IRQHandler                          0x0800029b   Thumb Code     0  startup_stm32f427xx.o(.text)
    SPI4_IRQHandler                          0x0800029b   Thumb Code     0  startup_stm32f427xx.o(.text)
    SPI5_IRQHandler                          0x0800029b   Thumb Code     0  startup_stm32f427xx.o(.text)
    SPI6_IRQHandler                          0x0800029b   Thumb Code     0  startup_stm32f427xx.o(.text)
    TAMP_STAMP_IRQHandler                    0x0800029b   Thumb Code     0  startup_stm32f427xx.o(.text)
    TIM1_BRK_TIM9_IRQHandler                 0x0800029b   Thumb Code     0  startup_stm32f427xx.o(.text)
    TIM1_CC_IRQHandler                       0x0800029b   Thumb Code     0  startup_stm32f427xx.o(.text)
    TIM1_TRG_COM_TIM11_IRQHandler            0x0800029b   Thumb Code     0  startup_stm32f427xx.o(.text)
    TIM1_UP_TIM10_IRQHandler                 0x0800029b   Thumb Code     0  startup_stm32f427xx.o(.text)
    TIM2_IRQHandler                          0x0800029b   Thumb Code     0  startup_stm32f427xx.o(.text)
    TIM3_IRQHandler                          0x0800029b   Thumb Code     0  startup_stm32f427xx.o(.text)
    TIM4_IRQHandler                          0x0800029b   Thumb Code     0  startup_stm32f427xx.o(.text)
    TIM5_IRQHandler                          0x0800029b   Thumb Code     0  startup_stm32f427xx.o(.text)
    TIM7_IRQHandler                          0x0800029b   Thumb Code     0  startup_stm32f427xx.o(.text)
    TIM8_BRK_TIM12_IRQHandler                0x0800029b   Thumb Code     0  startup_stm32f427xx.o(.text)
    TIM8_CC_IRQHandler                       0x0800029b   Thumb Code     0  startup_stm32f427xx.o(.text)
    TIM8_TRG_COM_TIM14_IRQHandler            0x0800029b   Thumb Code     0  startup_stm32f427xx.o(.text)
    TIM8_UP_TIM13_IRQHandler                 0x0800029b   Thumb Code     0  startup_stm32f427xx.o(.text)
    UART4_IRQHandler                         0x0800029b   Thumb Code     0  startup_stm32f427xx.o(.text)
    UART5_IRQHandler                         0x0800029b   Thumb Code     0  startup_stm32f427xx.o(.text)
    UART7_IRQHandler                         0x0800029b   Thumb Code     0  startup_stm32f427xx.o(.text)
    WWDG_IRQHandler                          0x0800029b   Thumb Code     0  startup_stm32f427xx.o(.text)
    arm_cos_f32                              0x080002a5   Thumb Code   108  arm_cos_f32.o(.text)
    arm_sin_f32                              0x0800031d   Thumb Code   104  arm_sin_f32.o(.text)
    __aeabi_memcpy                           0x08000391   Thumb Code    36  memcpya.o(.text)
    __aeabi_memcpy4                          0x08000391   Thumb Code     0  memcpya.o(.text)
    __aeabi_memcpy8                          0x08000391   Thumb Code     0  memcpya.o(.text)
    __aeabi_memset                           0x080003b5   Thumb Code    14  memseta.o(.text)
    __aeabi_memset4                          0x080003b5   Thumb Code     0  memseta.o(.text)
    __aeabi_memset8                          0x080003b5   Thumb Code     0  memseta.o(.text)
    __aeabi_memclr                           0x080003c3   Thumb Code     4  memseta.o(.text)
    __aeabi_memclr4                          0x080003c3   Thumb Code     0  memseta.o(.text)
    __aeabi_memclr8                          0x080003c3   Thumb Code     0  memseta.o(.text)
    _memset$wrapper                          0x080003c7   Thumb Code    18  memseta.o(.text)
    __aeabi_dadd                             0x080003d9   Thumb Code   322  dadd.o(.text)
    __aeabi_dsub                             0x0800051b   Thumb Code     6  dadd.o(.text)
    __aeabi_drsub                            0x08000521   Thumb Code     6  dadd.o(.text)
    __aeabi_dmul                             0x08000527   Thumb Code   228  dmul.o(.text)
    __aeabi_i2d                              0x0800060b   Thumb Code    34  dflti.o(.text)
    __aeabi_f2d                              0x0800062d   Thumb Code    38  f2d.o(.text)
    __aeabi_cdcmpeq                          0x08000655   Thumb Code     0  cdcmple.o(.text)
    __aeabi_cdcmple                          0x08000655   Thumb Code    48  cdcmple.o(.text)
    __aeabi_cdrcmple                         0x08000685   Thumb Code    48  cdrcmple.o(.text)
    __aeabi_d2f                              0x080006b5   Thumb Code    56  d2f.o(.text)
    __aeabi_llsl                             0x080006ed   Thumb Code    30  llshl.o(.text)
    _ll_shift_l                              0x080006ed   Thumb Code     0  llshl.o(.text)
    __aeabi_lasr                             0x0800070b   Thumb Code    36  llsshr.o(.text)
    _ll_sshift_r                             0x0800070b   Thumb Code     0  llsshr.o(.text)
    __I$use$fp                               0x0800072f   Thumb Code     0  iusefp.o(.text)
    _float_round                             0x0800072f   Thumb Code    18  fepilogue.o(.text)
    _float_epilogue                          0x08000741   Thumb Code    92  fepilogue.o(.text)
    _double_round                            0x0800079d   Thumb Code    30  depilogue.o(.text)
    _double_epilogue                         0x080007bb   Thumb Code   156  depilogue.o(.text)
    __aeabi_ddiv                             0x08000857   Thumb Code   222  ddiv.o(.text)
    _dsqrt                                   0x08000935   Thumb Code   162  dsqrt.o(.text)
    __scatterload                            0x080009d9   Thumb Code    28  init.o(.text)
    __scatterload_rt2                        0x080009d9   Thumb Code     0  init.o(.text)
    __aeabi_llsr                             0x080009fd   Thumb Code    32  llushr.o(.text)
    _ll_ushift_r                             0x080009fd   Thumb Code     0  llushr.o(.text)
    __decompress                             0x08000a1d   Thumb Code     0  __dczerorl2.o(.text)
    __decompress1                            0x08000a1d   Thumb Code    86  __dczerorl2.o(.text)
    BusFault_Handler                         0x08000a73   Thumb Code     4  stm32f4xx_it.o(i.BusFault_Handler)
    CAN1_RX0_IRQHandler                      0x08000a79   Thumb Code    10  stm32f4xx_it.o(i.CAN1_RX0_IRQHandler)
    CAN1_TX_IRQHandler                       0x08000a89   Thumb Code    10  stm32f4xx_it.o(i.CAN1_TX_IRQHandler)
    CAN2_RX0_IRQHandler                      0x08000a99   Thumb Code    10  stm32f4xx_it.o(i.CAN2_RX0_IRQHandler)
    CAN2_TX_IRQHandler                       0x08000aa9   Thumb Code    10  stm32f4xx_it.o(i.CAN2_TX_IRQHandler)
    DMA1_Stream1_IRQHandler                  0x08000cd5   Thumb Code    10  stm32f4xx_it.o(i.DMA1_Stream1_IRQHandler)
    DMA1_Stream5_IRQHandler                  0x08000ce5   Thumb Code    10  stm32f4xx_it.o(i.DMA1_Stream5_IRQHandler)
    DMA2_Stream1_IRQHandler                  0x08000cf5   Thumb Code    10  stm32f4xx_it.o(i.DMA2_Stream1_IRQHandler)
    DMA2_Stream2_IRQHandler                  0x08000d05   Thumb Code    10  stm32f4xx_it.o(i.DMA2_Stream2_IRQHandler)
    DebugMon_Handler                         0x08000e2f   Thumb Code     2  stm32f4xx_it.o(i.DebugMon_Handler)
    Error_Handler                            0x08000e31   Thumb Code     4  main.o(i.Error_Handler)
    HAL_CAN_ConfigFilter                     0x08000e35   Thumb Code   294  stm32f4xx_hal_can.o(i.HAL_CAN_ConfigFilter)
    HAL_CAN_ErrorCallback                    0x08000f61   Thumb Code     2  stm32f4xx_hal_can.o(i.HAL_CAN_ErrorCallback)
    HAL_CAN_IRQHandler                       0x08000f65   Thumb Code   446  stm32f4xx_hal_can.o(i.HAL_CAN_IRQHandler)
    HAL_CAN_Init                             0x08001131   Thumb Code   448  stm32f4xx_hal_can.o(i.HAL_CAN_Init)
    HAL_CAN_MspInit                          0x080012f1   Thumb Code   282  can.o(i.HAL_CAN_MspInit)
    HAL_CAN_Receive_IT                       0x08001425   Thumb Code   174  stm32f4xx_hal_can.o(i.HAL_CAN_Receive_IT)
    HAL_CAN_RxCpltCallback                   0x080014d5   Thumb Code   214  bsp_can.o(i.HAL_CAN_RxCpltCallback)
    HAL_CAN_Transmit                         0x080015c1   Thumb Code   594  stm32f4xx_hal_can.o(i.HAL_CAN_Transmit)
    HAL_CAN_TxCpltCallback                   0x08001821   Thumb Code     2  stm32f4xx_hal_can.o(i.HAL_CAN_TxCpltCallback)
    HAL_DMA_Abort_IT                         0x08001823   Thumb Code    40  stm32f4xx_hal_dma.o(i.HAL_DMA_Abort_IT)
    HAL_DMA_IRQHandler                       0x0800184d   Thumb Code   574  stm32f4xx_hal_dma.o(i.HAL_DMA_IRQHandler)
    HAL_DMA_Init                             0x08001a95   Thumb Code   228  stm32f4xx_hal_dma.o(i.HAL_DMA_Init)
    HAL_DMA_Start                            0x08001b7d   Thumb Code   102  stm32f4xx_hal_dma.o(i.HAL_DMA_Start)
    HAL_Delay                                0x08001be3   Thumb Code    26  stm32f4xx_hal.o(i.HAL_Delay)
    HAL_GPIO_Init                            0x08001bfd   Thumb Code   486  stm32f4xx_hal_gpio.o(i.HAL_GPIO_Init)
    HAL_GPIO_WritePin                        0x08001e19   Thumb Code    12  stm32f4xx_hal_gpio.o(i.HAL_GPIO_WritePin)
    HAL_GetTick                              0x08001e25   Thumb Code     6  stm32f4xx_hal.o(i.HAL_GetTick)
    HAL_IncTick                              0x08001e31   Thumb Code    12  stm32f4xx_hal.o(i.HAL_IncTick)
    HAL_Init                                 0x08001e41   Thumb Code    54  stm32f4xx_hal.o(i.HAL_Init)
    HAL_InitTick                             0x08001e7d   Thumb Code   122  stm32f4xx_hal_timebase_tim.o(i.HAL_InitTick)
    HAL_MspInit                              0x08001f09   Thumb Code    86  stm32f4xx_hal_msp.o(i.HAL_MspInit)
    HAL_NVIC_EnableIRQ                       0x08001f5f   Thumb Code    26  stm32f4xx_hal_cortex.o(i.HAL_NVIC_EnableIRQ)
    HAL_NVIC_SetPriority                     0x08001f79   Thumb Code   124  stm32f4xx_hal_cortex.o(i.HAL_NVIC_SetPriority)
    HAL_NVIC_SetPriorityGrouping             0x08001ff5   Thumb Code    32  stm32f4xx_hal_cortex.o(i.HAL_NVIC_SetPriorityGrouping)
    HAL_PWREx_EnableOverDrive                0x0800201d   Thumb Code   152  stm32f4xx_hal_pwr_ex.o(i.HAL_PWREx_EnableOverDrive)
    HAL_RCC_ClockConfig                      0x080020c1   Thumb Code   446  stm32f4xx_hal_rcc.o(i.HAL_RCC_ClockConfig)
    HAL_RCC_GetClockConfig                   0x08002291   Thumb Code    58  stm32f4xx_hal_rcc.o(i.HAL_RCC_GetClockConfig)
    HAL_RCC_GetHCLKFreq                      0x080022d5   Thumb Code     6  stm32f4xx_hal_rcc.o(i.HAL_RCC_GetHCLKFreq)
    HAL_RCC_GetPCLK1Freq                     0x080022e1   Thumb Code    36  stm32f4xx_hal_rcc.o(i.HAL_RCC_GetPCLK1Freq)
    HAL_RCC_GetPCLK2Freq                     0x0800230d   Thumb Code    36  stm32f4xx_hal_rcc.o(i.HAL_RCC_GetPCLK2Freq)
    HAL_RCC_GetSysClockFreq                  0x08002339   Thumb Code   168  stm32f4xx_hal_rcc.o(i.HAL_RCC_GetSysClockFreq)
    HAL_RCC_OscConfig                        0x080023ed   Thumb Code   906  stm32f4xx_hal_rcc.o(i.HAL_RCC_OscConfig)
    HAL_SPI_Init                             0x08002789   Thumb Code   140  stm32f4xx_hal_spi.o(i.HAL_SPI_Init)
    HAL_SPI_MspInit                          0x08002815   Thumb Code    80  spi.o(i.HAL_SPI_MspInit)
    HAL_SPI_TransmitReceive                  0x08002871   Thumb Code   542  stm32f4xx_hal_spi.o(i.HAL_SPI_TransmitReceive)
    HAL_SYSTICK_CLKSourceConfig              0x08002a8f   Thumb Code    40  stm32f4xx_hal_cortex.o(i.HAL_SYSTICK_CLKSourceConfig)
    HAL_SYSTICK_Config                       0x08002ab7   Thumb Code    52  stm32f4xx_hal_cortex.o(i.HAL_SYSTICK_Config)
    HAL_TIMEx_BreakCallback                  0x08002aeb   Thumb Code     2  stm32f4xx_hal_tim_ex.o(i.HAL_TIMEx_BreakCallback)
    HAL_TIMEx_CommutationCallback            0x08002aed   Thumb Code     2  stm32f4xx_hal_tim_ex.o(i.HAL_TIMEx_CommutationCallback)
    HAL_TIMEx_ConfigBreakDeadTime            0x08002aef   Thumb Code    80  stm32f4xx_hal_tim_ex.o(i.HAL_TIMEx_ConfigBreakDeadTime)
    HAL_TIMEx_MasterConfigSynchronization    0x08002b3f   Thumb Code    98  stm32f4xx_hal_tim_ex.o(i.HAL_TIMEx_MasterConfigSynchronization)
    HAL_TIM_Base_Init                        0x08002ba1   Thumb Code    52  stm32f4xx_hal_tim.o(i.HAL_TIM_Base_Init)
    HAL_TIM_Base_MspInit                     0x08002bd5   Thumb Code     2  stm32f4xx_hal_tim.o(i.HAL_TIM_Base_MspInit)
    HAL_TIM_Base_Start_IT                    0x08002bd7   Thumb Code    30  stm32f4xx_hal_tim.o(i.HAL_TIM_Base_Start_IT)
    HAL_TIM_IC_CaptureCallback               0x08002bf5   Thumb Code     2  stm32f4xx_hal_tim.o(i.HAL_TIM_IC_CaptureCallback)
    HAL_TIM_IRQHandler                       0x08002bf7   Thumb Code   406  stm32f4xx_hal_tim.o(i.HAL_TIM_IRQHandler)
    HAL_TIM_MspPostInit                      0x08002d8d   Thumb Code   314  tim.o(i.HAL_TIM_MspPostInit)
    HAL_TIM_OC_DelayElapsedCallback          0x08002ef1   Thumb Code     2  stm32f4xx_hal_tim.o(i.HAL_TIM_OC_DelayElapsedCallback)
    HAL_TIM_PWM_ConfigChannel                0x08002ef3   Thumb Code   264  stm32f4xx_hal_tim.o(i.HAL_TIM_PWM_ConfigChannel)
    HAL_TIM_PWM_Init                         0x08002ffb   Thumb Code    52  stm32f4xx_hal_tim.o(i.HAL_TIM_PWM_Init)
    HAL_TIM_PWM_MspInit                      0x08003031   Thumb Code   248  tim.o(i.HAL_TIM_PWM_MspInit)
    HAL_TIM_PWM_PulseFinishedCallback        0x08003141   Thumb Code     2  stm32f4xx_hal_tim.o(i.HAL_TIM_PWM_PulseFinishedCallback)
    HAL_TIM_PeriodElapsedCallback            0x08003145   Thumb Code    18  main.o(i.HAL_TIM_PeriodElapsedCallback)
    HAL_TIM_TriggerCallback                  0x0800315d   Thumb Code     2  stm32f4xx_hal_tim.o(i.HAL_TIM_TriggerCallback)
    HAL_UART_ErrorCallback                   0x0800315f   Thumb Code     2  stm32f4xx_hal_uart.o(i.HAL_UART_ErrorCallback)
    HAL_UART_IRQHandler                      0x08003161   Thumb Code   326  stm32f4xx_hal_uart.o(i.HAL_UART_IRQHandler)
    HAL_UART_Init                            0x080032ad   Thumb Code   114  stm32f4xx_hal_uart.o(i.HAL_UART_Init)
    HAL_UART_MspInit                         0x08003321   Thumb Code   246  usart.o(i.HAL_UART_MspInit)
    HAL_UART_Receive_IT                      0x08003435   Thumb Code   100  stm32f4xx_hal_uart.o(i.HAL_UART_Receive_IT)
    HAL_UART_RxCpltCallback                  0x08003499   Thumb Code   200  bsp_uart.o(i.HAL_UART_RxCpltCallback)
    HAL_UART_Transmit                        0x08003581   Thumb Code   214  stm32f4xx_hal_uart.o(i.HAL_UART_Transmit)
    HAL_UART_TxCpltCallback                  0x08003657   Thumb Code     2  stm32f4xx_hal_uart.o(i.HAL_UART_TxCpltCallback)
    HardFault_Handler                        0x08003659   Thumb Code     4  stm32f4xx_it.o(i.HardFault_Handler)
    J1andJ4_control                          0x0800365d   Thumb Code   242  freertos.o(i.J1andJ4_control)
    J2andJ3_control                          0x08003775   Thumb Code   332  freertos.o(i.J2andJ3_control)
    J2andJ3_task                             0x080038f1   Thumb Code    10  freertos.o(i.J2andJ3_task)
    J5andJ6_control                          0x080038fd   Thumb Code   642  freertos.o(i.J5andJ6_control)
    J5andJ6_task                             0x08003ba5   Thumb Code    10  freertos.o(i.J5andJ6_task)
    MX_CAN1_Init                             0x08003bb1   Thumb Code    60  can.o(i.MX_CAN1_Init)
    MX_CAN2_Init                             0x08003bf5   Thumb Code    64  can.o(i.MX_CAN2_Init)
    MX_DMA_Init                              0x08003c3d   Thumb Code   130  dma.o(i.MX_DMA_Init)
    MX_FREERTOS_Init                         0x08003cc5   Thumb Code   260  freertos.o(i.MX_FREERTOS_Init)
    MX_GPIO_Init                             0x08003dd5   Thumb Code   548  gpio.o(i.MX_GPIO_Init)
    MX_SPI5_Init                             0x08004021   Thumb Code    60  spi.o(i.MX_SPI5_Init)
    MX_TIM4_Init                             0x08004065   Thumb Code   150  tim.o(i.MX_TIM4_Init)
    MX_TIM5_Init                             0x08004105   Thumb Code   154  tim.o(i.MX_TIM5_Init)
    MX_TIM8_Init                             0x080041a9   Thumb Code   248  tim.o(i.MX_TIM8_Init)
    MX_UART8_UART_Init                       0x080042a9   Thumb Code    46  usart.o(i.MX_UART8_UART_Init)
    MX_USART1_UART_Init                      0x080042e1   Thumb Code    48  usart.o(i.MX_USART1_UART_Init)
    MX_USART3_UART_Init                      0x0800431d   Thumb Code    46  usart.o(i.MX_USART3_UART_Init)
    MX_USART6_UART_Init                      0x08004355   Thumb Code    46  usart.o(i.MX_USART6_UART_Init)
    MemManage_Handler                        0x0800438d   Thumb Code     4  stm32f4xx_it.o(i.MemManage_Handler)
    NMI_Handler                              0x08004391   Thumb Code     2  stm32f4xx_it.o(i.NMI_Handler)
    PID_struct_init                          0x080043cd   Thumb Code    72  pid.o(i.PID_struct_init)
    Robot_Cmd_Queue_init                     0x0800441d   Thumb Code    18  bsp_uart.o(i.Robot_Cmd_Queue_init)
    SysTick_Handler                          0x08004507   Thumb Code     8  stm32f4xx_it.o(i.SysTick_Handler)
    SystemClock_Config                       0x08004511   Thumb Code   196  main.o(i.SystemClock_Config)
    SystemInit                               0x080045dd   Thumb Code    82  system_stm32f4xx.o(i.SystemInit)
    TIM6_DAC_IRQHandler                      0x08004641   Thumb Code    10  stm32f4xx_it.o(i.TIM6_DAC_IRQHandler)
    TIM_Base_SetConfig                       0x08004651   Thumb Code   184  stm32f4xx_hal_tim.o(i.TIM_Base_SetConfig)
    TIM_OC2_SetConfig                        0x080047a5   Thumb Code   112  stm32f4xx_hal_tim.o(i.TIM_OC2_SetConfig)
    UART8_IRQHandler                         0x080048f5   Thumb Code    10  stm32f4xx_it.o(i.UART8_IRQHandler)
    UART8_Receive_IT                         0x08004905   Thumb Code    14  bsp_uart.o(i.UART8_Receive_IT)
    USART1_IRQHandler                        0x08004e49   Thumb Code    16  stm32f4xx_it.o(i.USART1_IRQHandler)
    USART2_IRQHandler                        0x08004e5d   Thumb Code    10  stm32f4xx_it.o(i.USART2_IRQHandler)
    USART3_IRQHandler                        0x08004e6d   Thumb Code    10  stm32f4xx_it.o(i.USART3_IRQHandler)
    USART6_IRQHandler                        0x08004e7d   Thumb Code    10  stm32f4xx_it.o(i.USART6_IRQHandler)
    UsageFault_Handler                       0x08004e8d   Thumb Code     4  stm32f4xx_it.o(i.UsageFault_Handler)
    WH_dodge_attacks_pid1                    0x08004e91   Thumb Code   376  pid.o(i.WH_dodge_attacks_pid1)
    WH_dodge_move                            0x08005021   Thumb Code   544  freertos.o(i.WH_dodge_move)
    WH_dodge_move_pid                        0x0800527d   Thumb Code   354  pid.o(i.WH_dodge_move_pid)
    WH_moto_chassis                          0x080053ed   Thumb Code  1118  freertos.o(i.WH_moto_chassis)
    WH_yaw_angle_pid1                        0x08005859   Thumb Code   376  pid.o(i.WH_yaw_angle_pid1)
    WH_yaw_angle_pid2                        0x080059e5   Thumb Code   354  pid.o(i.WH_yaw_angle_pid2)
    __ARM_fpclassify                         0x08005b59   Thumb Code    48  fpclassify.o(i.__ARM_fpclassify)
    __hardfp_asin                            0x08005b89   Thumb Code   770  asin.o(i.__hardfp_asin)
    __hardfp_atan                            0x08005ee9   Thumb Code   622  atan.o(i.__hardfp_atan)
    __hardfp_atan2                           0x080061c1   Thumb Code   448  atan2.o(i.__hardfp_atan2)
    __hardfp_fabs                            0x080063c1   Thumb Code    20  fabs.o(i.__hardfp_fabs)
    __hardfp_sqrt                            0x080063d5   Thumb Code   122  sqrt_full.o(i.__hardfp_sqrt)
    __kernel_poly                            0x0800644f   Thumb Code   248  poly.o(i.__kernel_poly)
    __mathlib_dbl_infnan                     0x08006547   Thumb Code    20  dunder.o(i.__mathlib_dbl_infnan)
    __mathlib_dbl_infnan2                    0x0800655b   Thumb Code    20  dunder.o(i.__mathlib_dbl_infnan2)
    __mathlib_dbl_invalid                    0x08006571   Thumb Code    24  dunder.o(i.__mathlib_dbl_invalid)
    __mathlib_dbl_underflow                  0x08006591   Thumb Code    24  dunder.o(i.__mathlib_dbl_underflow)
    __scatterload_copy                       0x080065b1   Thumb Code    14  handlers.o(i.__scatterload_copy)
    __scatterload_null                       0x080065bf   Thumb Code     2  handlers.o(i.__scatterload_null)
    __scatterload_zeroinit                   0x080065c1   Thumb Code    14  handlers.o(i.__scatterload_zeroinit)
    __set_errno                              0x080065d1   Thumb Code     6  errno.o(i.__set_errno)
    abs_limit                                0x080065dd   Thumb Code    46  pid.o(i.abs_limit)
    all_jointcontrol                         0x0800660d   Thumb Code    86  freertos.o(i.all_jointcontrol)
    atan                                     0x08006675   Thumb Code    16  atan.o(i.atan)
    ctrl_motor2                              0x08006685   Thumb Code    96  bsp_can.o(i.ctrl_motor2)
    dbus_task                                0x080066e5   Thumb Code    14  freertos.o(i.dbus_task)
    dbus_uart_init                           0x080066f5   Thumb Code    56  bsp_uart.o(i.dbus_uart_init)
    dianyuan_Init                            0x08006735   Thumb Code    72  main.o(i.dianyuan_Init)
    dma_current_data_counter                 0x08006785   Thumb Code     8  bsp_uart.o(i.dma_current_data_counter)
    dodge_attacks                            0x0800678d   Thumb Code   122  freertos.o(i.dodge_attacks)
    fabs                                     0x08006821   Thumb Code    24  fabs.o(i.fabs)
    follow_head                              0x08006839   Thumb Code    70  freertos.o(i.follow_head)
    get_moto_measure                         0x08006899   Thumb Code   148  bsp_can.o(i.get_moto_measure)
    get_moto_offset                          0x0800692d   Thumb Code    20  bsp_can.o(i.get_moto_offset)
    imu_ahrs_update                          0x08006941   Thumb Code  1888  bsp_imu.o(i.imu_ahrs_update)
    imu_attitude_update                      0x080070e5   Thumb Code   506  bsp_imu.o(i.imu_attitude_update)
    init_quaternion                          0x080072fd   Thumb Code   596  bsp_imu.o(i.init_quaternion)
    inv_sqrt                                 0x080075c1   Thumb Code    56  bsp_imu.o(i.inv_sqrt)
    ist8310_get_data                         0x080075fd   Thumb Code    16  bsp_imu.o(i.ist8310_get_data)
    ist8310_init                             0x0800760d   Thumb Code   266  bsp_imu.o(i.ist8310_init)
    main                                     0x08007799   Thumb Code   262  main.o(i.main)
    moto_chassis_task                        0x080078cf   Thumb Code    14  freertos.o(i.moto_chassis_task)
    mpu_device_init                          0x080078dd   Thumb Code    94  bsp_imu.o(i.mpu_device_init)
    mpu_get_data                             0x08007945   Thumb Code   342  bsp_imu.o(i.mpu_get_data)
    mpu_offset_call                          0x08007b41   Thumb Code   296  bsp_imu.o(i.mpu_offset_call)
    mpu_read_byte                            0x08007c71   Thumb Code    68  bsp_imu.o(i.mpu_read_byte)
    mpu_read_bytes                           0x08007cc5   Thumb Code    80  bsp_imu.o(i.mpu_read_bytes)
    mpu_set_accel_fsr                        0x08007d29   Thumb Code    16  bsp_imu.o(i.mpu_set_accel_fsr)
    mpu_set_gyro_fsr                         0x08007d39   Thumb Code    16  bsp_imu.o(i.mpu_set_gyro_fsr)
    mpu_task                                 0x08007d49   Thumb Code   102  freertos.o(i.mpu_task)
    mpu_task_chassis_calc_task               0x08007dc5   Thumb Code    22  freertos.o(i.mpu_task_chassis_calc_task)
    mpu_task_head_calc_task                  0x08007ddd   Thumb Code  1638  freertos.o(i.mpu_task_head_calc_task)
    mpu_write_byte                           0x08008465   Thumb Code    72  bsp_imu.o(i.mpu_write_byte)
    my_can_filter_init_recv_all              0x080084bd   Thumb Code    88  bsp_can.o(i.my_can_filter_init_recv_all)
    osDelay                                  0x0800852d   Thumb Code    24  cmsis_os.o(i.osDelay)
    osKernelStart                            0x08008545   Thumb Code    10  cmsis_os.o(i.osKernelStart)
    osSystickHandler                         0x0800854f   Thumb Code    16  cmsis_os.o(i.osSystickHandler)
    osThreadCreate                           0x0800855f   Thumb Code    58  cmsis_os.o(i.osThreadCreate)
    pid_calc                                 0x08008599   Thumb Code   604  pid.o(i.pid_calc)
    pump_oc                                  0x08008cc1   Thumb Code   102  freertos.o(i.pump_oc)
    pump_task                                0x08008d3d   Thumb Code    14  freertos.o(i.pump_task)
    pvPortMalloc                             0x08008d4d   Thumb Code   296  heap_4.o(i.pvPortMalloc)
    pvTaskIncrementMutexHeldCount            0x08008e89   Thumb Code    26  tasks.o(i.pvTaskIncrementMutexHeldCount)
    pxPortInitialiseStack                    0x08008ea9   Thumb Code    34  port.o(i.pxPortInitialiseStack)
    rc_callback_handler                      0x08008ed1   Thumb Code   408  bsp_uart.o(i.rc_callback_handler)
    set_moto_current                         0x08009069   Thumb Code    96  bsp_can.o(i.set_moto_current)
    set_robot_current_task                   0x080090c9   Thumb Code   232  freertos.o(i.set_robot_current_task)
    sqrt                                     0x080091c1   Thumb Code   110  sqrt_full.o(i.sqrt)
    uart_receive_handler                     0x08009277   Thumb Code    34  bsp_uart.o(i.uart_receive_handler)
    uxListRemove                             0x08009309   Thumb Code    40  list.o(i.uxListRemove)
    uxQueueMessagesWaiting                   0x08009331   Thumb Code    42  queue.o(i.uxQueueMessagesWaiting)
    vListInitialise                          0x0800935b   Thumb Code    26  list.o(i.vListInitialise)
    vListInitialiseItem                      0x08009375   Thumb Code     6  list.o(i.vListInitialiseItem)
    vListInsert                              0x0800937b   Thumb Code    52  list.o(i.vListInsert)
    vListInsertEnd                           0x080093af   Thumb Code    24  list.o(i.vListInsertEnd)
    vPortEnterCritical                       0x080093c9   Thumb Code    76  port.o(i.vPortEnterCritical)
    vPortExitCritical                        0x0800941d   Thumb Code    56  port.o(i.vPortExitCritical)
    vPortFree                                0x08009459   Thumb Code   140  heap_4.o(i.vPortFree)
    vPortSetupTimerInterrupt                 0x080094ed   Thumb Code    26  port.o(i.vPortSetupTimerInterrupt)
    vPortValidateInterruptPriority           0x0800950d   Thumb Code   106  port.o(i.vPortValidateInterruptPriority)
    vTaskDelay                               0x08009585   Thumb Code   120  tasks.o(i.vTaskDelay)
    vTaskMissedYield                         0x08009611   Thumb Code     8  tasks.o(i.vTaskMissedYield)
    vTaskPlaceOnEventList                    0x0800961d   Thumb Code   108  tasks.o(i.vTaskPlaceOnEventList)
    vTaskPriorityInherit                     0x08009699   Thumb Code   164  tasks.o(i.vTaskPriorityInherit)
    vTaskSetTimeOutState                     0x08009749   Thumb Code    38  tasks.o(i.vTaskSetTimeOutState)
    vTaskStartScheduler                      0x08009779   Thumb Code   100  tasks.o(i.vTaskStartScheduler)
    vTaskSuspendAll                          0x080097f5   Thumb Code    12  tasks.o(i.vTaskSuspendAll)
    vTaskSwitchContext                       0x08009805   Thumb Code   118  tasks.o(i.vTaskSwitchContext)
    xPortStartScheduler                      0x08009891   Thumb Code   288  port.o(i.xPortStartScheduler)
    xPortSysTickHandler                      0x080099cd   Thumb Code    48  port.o(i.xPortSysTickHandler)
    xQueueGenericCreate                      0x08009a01   Thumb Code   134  queue.o(i.xQueueGenericCreate)
    xQueueGenericReceive                     0x08009a89   Thumb Code   424  queue.o(i.xQueueGenericReceive)
    xQueueGenericReset                       0x08009c35   Thumb Code   144  queue.o(i.xQueueGenericReset)
    xQueueGenericSendFromISR                 0x08009cc9   Thumb Code   240  queue.o(i.xQueueGenericSendFromISR)
    xTaskCheckForTimeOut                     0x08009db9   Thumb Code   132  tasks.o(i.xTaskCheckForTimeOut)
    xTaskGenericCreate                       0x08009e45   Thumb Code   340  tasks.o(i.xTaskGenericCreate)
    xTaskGetSchedulerState                   0x08009fb5   Thumb Code    24  tasks.o(i.xTaskGetSchedulerState)
    xTaskIncrementTick                       0x08009fd5   Thumb Code   286  tasks.o(i.xTaskIncrementTick)
    xTaskPriorityDisinherit                  0x0800a121   Thumb Code   188  tasks.o(i.xTaskPriorityDisinherit)
    xTaskRemoveFromEventList                 0x0800a1e9   Thumb Code   128  tasks.o(i.xTaskRemoveFromEventList)
    xTaskResumeAll                           0x0800a281   Thumb Code   224  tasks.o(i.xTaskResumeAll)
    APBAHBPrescTable                         0x0800a38c   Data          16  stm32f4xx_hal_rcc.o(.constdata)
    sinTable_f32                             0x0800a478   Data        2052  arm_common_tables.o(.constdata)
    __mathlib_zero                           0x0800ad68   Data           8  qnan.o(.constdata)
    Region$$Table$$Base                      0x0800ae10   Number         0  anon$$obj.o(Region$$Table)
    Region$$Table$$Limit                     0x0800ae30   Number         0  anon$$obj.o(Region$$Table)
    uwTick                                   0x20000000   Data           4  stm32f4xx_hal.o(.data)
    SystemCoreClock                          0x20000004   Data           4  system_stm32f4xx.o(.data)
    pxCurrentTCB                             0x20000008   Data           4  tasks.o(.data)
    defaultTaskHandle                        0x20000068   Data           4  freertos.o(.data)
    chassis_a                                0x2000006c   Data           4  freertos.o(.data)
    cap_block_argument                       0x20000070   Data           4  freertos.o(.data)
    change_yaw_p                             0x20000074   Data           4  freertos.o(.data)
    change_pitch_p                           0x20000078   Data           4  freertos.o(.data)
    J1_angle                                 0x2000007c   Data           4  freertos.o(.data)
    J4_angle                                 0x20000080   Data           4  freertos.o(.data)
    change_qe                                0x20000084   Data           4  freertos.o(.data)
    dodge_speed                              0x20000088   Data           4  freertos.o(.data)
    dodge_judge                              0x2000008c   Data           4  freertos.o(.data)
    dodge_angle                              0x20000090   Data           8  freertos.o(.data)
    taget_yaw                                0x20000098   Data           8  freertos.o(.data)
    WH_mpu_yaw                               0x200000a0   Data           4  freertos.o(.data)
    move_speed_judge                         0x200000a4   Data           4  freertos.o(.data)
    max_move_speed                           0x200000a8   Data           4  freertos.o(.data)
    sin_yaw                                  0x200000ac   Data           4  freertos.o(.data)
    cos_yaw                                  0x200000b0   Data           4  freertos.o(.data)
    vx_set                                   0x200000b4   Data           4  freertos.o(.data)
    vy_set                                   0x200000b8   Data           4  freertos.o(.data)
    included_angle                           0x200000bc   Data           4  freertos.o(.data)
    vx                                       0x200000c0   Data           4  freertos.o(.data)
    vy                                       0x200000c4   Data           4  freertos.o(.data)
    PC_rc_ch1                                0x200000c8   Data           4  freertos.o(.data)
    PC_rc_ch2                                0x200000cc   Data           4  freertos.o(.data)
    PC_rc_ch3                                0x200000d0   Data           4  freertos.o(.data)
    PC_rc_ch4                                0x200000d4   Data           4  freertos.o(.data)
    rc_ch1_revise                            0x200000d8   Data           4  freertos.o(.data)
    rc_ch2_revise                            0x200000dc   Data           4  freertos.o(.data)
    rc_ch3_revise                            0x200000e0   Data           4  freertos.o(.data)
    rc_ch4_revise                            0x200000e4   Data           4  freertos.o(.data)
    set_v                                    0x200000e8   Data           8  freertos.o(.data)
    joyx                                     0x200000f0   Data           4  freertos.o(.data)
    joyy                                     0x200000f4   Data           4  freertos.o(.data)
    J5_angle                                 0x200000f8   Data           4  freertos.o(.data)
    J6_angle                                 0x200000fc   Data           4  freertos.o(.data)
    J3_angle                                 0x20000100   Data           4  freertos.o(.data)
    J3_lastangle                             0x20000104   Data           4  freertos.o(.data)
    J2_angle                                 0x20000108   Data           4  freertos.o(.data)
    J2_lastangle                             0x2000010c   Data           4  freertos.o(.data)
    chassis_pump_on                          0x20000110   Data           1  freertos.o(.data)
    arm_pump_on                              0x20000111   Data           1  freertos.o(.data)
    test                                     0x20000114   Data           4  freertos.o(.data)
    ZGyroModuleAngle                         0x2000011c   Data           4  bsp_can.o(.data)
    robot_cmd_queue                          0x20000124   Data           4  bsp_uart.o(.data)
    rx_data                                  0x20000128   Data           1  bsp_uart.o(.data)
    lrc                                      0x20000129   Data           1  bsp_uart.o(.data)
    rx_index                                 0x2000012a   Data           1  bsp_uart.o(.data)
    q0                                       0x2000012c   Data           4  bsp_imu.o(.data)
    q1                                       0x20000130   Data           4  bsp_imu.o(.data)
    q2                                       0x20000134   Data           4  bsp_imu.o(.data)
    q3                                       0x20000138   Data           4  bsp_imu.o(.data)
    exInt                                    0x2000013c   Data           4  bsp_imu.o(.data)
    eyInt                                    0x20000140   Data           4  bsp_imu.o(.data)
    ezInt                                    0x20000144   Data           4  bsp_imu.o(.data)
    last_update                              0x2000016c   Data           4  bsp_imu.o(.data)
    now_update                               0x20000170   Data           4  bsp_imu.o(.data)
    ist_buff                                 0x20000184   Data           6  bsp_imu.o(.data)
    id                                       0x2000018a   Data           1  bsp_imu.o(.data)
    htim2                                    0x20003e80   Data          60  tim.o(.bss)
    htim3                                    0x20003ebc   Data          60  tim.o(.bss)
    htim4                                    0x20003ef8   Data          60  tim.o(.bss)
    htim5                                    0x20003f34   Data          60  tim.o(.bss)
    htim8                                    0x20003f70   Data          60  tim.o(.bss)
    htim12                                   0x20003fac   Data          60  tim.o(.bss)
    huart1                                   0x20003fe8   Data          64  usart.o(.bss)
    huart2                                   0x20004028   Data          64  usart.o(.bss)
    huart3                                   0x20004068   Data          64  usart.o(.bss)
    huart6                                   0x200040a8   Data          64  usart.o(.bss)
    huart8                                   0x200040e8   Data          64  usart.o(.bss)
    hdma_usart1_rx                           0x20004128   Data          96  usart.o(.bss)
    hdma_usart2_rx                           0x20004188   Data          96  usart.o(.bss)
    hdma_usart3_rx                           0x200041e8   Data          96  usart.o(.bss)
    hdma_usart6_rx                           0x20004248   Data          96  usart.o(.bss)
    buf                                      0x200042a8   Data         300  freertos.o(.bss)
    cmd                                      0x200043d4   Data          23  freertos.o(.bss)
    set_spd                                  0x200043f0   Data          64  freertos.o(.bss)
    htim6                                    0x20004430   Data          60  stm32f4xx_hal_timebase_tim.o(.bss)
    hspi5                                    0x2000446c   Data          88  spi.o(.bss)
    hcan1                                    0x200044c4   Data          64  can.o(.bss)
    hcan2                                    0x20004504   Data          64  can.o(.bss)
    moto_chassis                             0x20004544   Data         384  bsp_can.o(.bss)
    moto_info                                0x200046c4   Data          48  bsp_can.o(.bss)
    pid_pos                                  0x20004774   Data         204  pid.o(.bss)
    pid_spd                                  0x20004840   Data        1632  pid.o(.bss)
    dbus_buf                                 0x20004ea0   Data          18  bsp_uart.o(.bss)
    rc                                       0x20004eb2   Data          37  bsp_uart.o(.bss)
    key_t                                    0x20004ed7   Data          25  bsp_uart.o(.bss)
    robot_cmd                                0x20004ef0   Data          23  bsp_uart.o(.bss)
    rx_buffer                                0x20004f07   Data          39  bsp_uart.o(.bss)
    mpu_buff                                 0x20004f30   Data          14  bsp_imu.o(.bss)
    mpu_data                                 0x20004f3e   Data          32  bsp_imu.o(.bss)
    imu                                      0x20004f60   Data          52  bsp_imu.o(.bss)
    __initial_sp                             0x20005398   Data           0  startup_stm32f427xx.o(STACK)



==============================================================================

Memory Map of the image

  Image Entry point : 0x080001ad

  Load Region LR_IROM1 (Base: 0x08000000, Size: 0x0000afc0, Max: 0x00200000, ABSOLUTE, COMPRESSED[0x0000ae44])

    Execution Region ER_IROM1 (Exec base: 0x08000000, Load base: 0x08000000, Size: 0x0000ae30, Max: 0x00200000, ABSOLUTE)

    Exec Addr    Load Addr    Size         Type   Attr      Idx    E Section Name        Object

    0x08000000   0x08000000   0x000001ac   Data   RO         2788    RESET               startup_stm32f427xx.o
    0x080001ac   0x080001ac   0x00000000   Code   RO         5772  * .ARM.Collect$$$$00000000  mc_w.l(entry.o)
    0x080001ac   0x080001ac   0x00000004   Code   RO         5830    .ARM.Collect$$$$00000001  mc_w.l(entry2.o)
    0x080001b0   0x080001b0   0x00000004   Code   RO         5833    .ARM.Collect$$$$00000004  mc_w.l(entry5.o)
    0x080001b4   0x080001b4   0x00000000   Code   RO         5835    .ARM.Collect$$$$00000008  mc_w.l(entry7b.o)
    0x080001b4   0x080001b4   0x00000000   Code   RO         5837    .ARM.Collect$$$$0000000A  mc_w.l(entry8b.o)
    0x080001b4   0x080001b4   0x00000008   Code   RO         5838    .ARM.Collect$$$$0000000B  mc_w.l(entry9a.o)
    0x080001bc   0x080001bc   0x00000004   Code   RO         5845    .ARM.Collect$$$$0000000E  mc_w.l(entry12b.o)
    0x080001c0   0x080001c0   0x00000000   Code   RO         5840    .ARM.Collect$$$$0000000F  mc_w.l(entry10a.o)
    0x080001c0   0x080001c0   0x00000000   Code   RO         5842    .ARM.Collect$$$$00000011  mc_w.l(entry11a.o)
    0x080001c0   0x080001c0   0x00000004   Code   RO         5831    .ARM.Collect$$$$00002712  mc_w.l(entry2.o)
    0x080001c4   0x080001c4   0x000000ba   Code   RO         3888    .emb_text           port.o
    0x0800027e   0x0800027e   0x00000002   PAD
    0x08000280   0x08000280   0x00000024   Code   RO         2789    .text               startup_stm32f427xx.o
    0x080002a4   0x080002a4   0x00000078   Code   RO         5572    .text               arm_cortexM4lf_math.lib(arm_cos_f32.o)
    0x0800031c   0x0800031c   0x00000074   Code   RO         5625    .text               arm_cortexM4lf_math.lib(arm_sin_f32.o)
    0x08000390   0x08000390   0x00000024   Code   RO         5775    .text               mc_w.l(memcpya.o)
    0x080003b4   0x080003b4   0x00000024   Code   RO         5777    .text               mc_w.l(memseta.o)
    0x080003d8   0x080003d8   0x0000014e   Code   RO         5781    .text               mf_w.l(dadd.o)
    0x08000526   0x08000526   0x000000e4   Code   RO         5783    .text               mf_w.l(dmul.o)
    0x0800060a   0x0800060a   0x00000022   Code   RO         5787    .text               mf_w.l(dflti.o)
    0x0800062c   0x0800062c   0x00000026   Code   RO         5789    .text               mf_w.l(f2d.o)
    0x08000652   0x08000652   0x00000002   PAD
    0x08000654   0x08000654   0x00000030   Code   RO         5791    .text               mf_w.l(cdcmple.o)
    0x08000684   0x08000684   0x00000030   Code   RO         5793    .text               mf_w.l(cdrcmple.o)
    0x080006b4   0x080006b4   0x00000038   Code   RO         5795    .text               mf_w.l(d2f.o)
    0x080006ec   0x080006ec   0x0000001e   Code   RO         5846    .text               mc_w.l(llshl.o)
    0x0800070a   0x0800070a   0x00000024   Code   RO         5848    .text               mc_w.l(llsshr.o)
    0x0800072e   0x0800072e   0x00000000   Code   RO         5857    .text               mc_w.l(iusefp.o)
    0x0800072e   0x0800072e   0x0000006e   Code   RO         5858    .text               mf_w.l(fepilogue.o)
    0x0800079c   0x0800079c   0x000000ba   Code   RO         5860    .text               mf_w.l(depilogue.o)
    0x08000856   0x08000856   0x000000de   Code   RO         5862    .text               mf_w.l(ddiv.o)
    0x08000934   0x08000934   0x000000a2   Code   RO         5864    .text               mf_w.l(dsqrt.o)
    0x080009d6   0x080009d6   0x00000002   PAD
    0x080009d8   0x080009d8   0x00000024   Code   RO         5866    .text               mc_w.l(init.o)
    0x080009fc   0x080009fc   0x00000020   Code   RO         5868    .text               mc_w.l(llushr.o)
    0x08000a1c   0x08000a1c   0x00000056   Code   RO         5878    .text               mc_w.l(__dczerorl2.o)
    0x08000a72   0x08000a72   0x00000004   Code   RO         4731    i.BusFault_Handler  stm32f4xx_it.o
    0x08000a76   0x08000a76   0x00000002   PAD
    0x08000a78   0x08000a78   0x00000010   Code   RO         4732    i.CAN1_RX0_IRQHandler  stm32f4xx_it.o
    0x08000a88   0x08000a88   0x00000010   Code   RO         4733    i.CAN1_TX_IRQHandler  stm32f4xx_it.o
    0x08000a98   0x08000a98   0x00000010   Code   RO         4734    i.CAN2_RX0_IRQHandler  stm32f4xx_it.o
    0x08000aa8   0x08000aa8   0x00000010   Code   RO         4735    i.CAN2_TX_IRQHandler  stm32f4xx_it.o
    0x08000ab8   0x08000ab8   0x000001a8   Code   RO            4    i.CAN_Receive_IT    stm32f4xx_hal_can.o
    0x08000c60   0x08000c60   0x00000074   Code   RO            5    i.CAN_Transmit_IT   stm32f4xx_hal_can.o
    0x08000cd4   0x08000cd4   0x00000010   Code   RO         4736    i.DMA1_Stream1_IRQHandler  stm32f4xx_it.o
    0x08000ce4   0x08000ce4   0x00000010   Code   RO         4737    i.DMA1_Stream5_IRQHandler  stm32f4xx_it.o
    0x08000cf4   0x08000cf4   0x00000010   Code   RO         4738    i.DMA2_Stream1_IRQHandler  stm32f4xx_it.o
    0x08000d04   0x08000d04   0x00000010   Code   RO         4739    i.DMA2_Stream2_IRQHandler  stm32f4xx_it.o
    0x08000d14   0x08000d14   0x00000034   Code   RO         2560    i.DMA_CalcBaseAndBitshift  stm32f4xx_hal_dma.o
    0x08000d48   0x08000d48   0x000000ba   Code   RO         2561    i.DMA_CheckFifoParam  stm32f4xx_hal_dma.o
    0x08000e02   0x08000e02   0x0000002c   Code   RO         2562    i.DMA_SetConfig     stm32f4xx_hal_dma.o
    0x08000e2e   0x08000e2e   0x00000002   Code   RO         4740    i.DebugMon_Handler  stm32f4xx_it.o
    0x08000e30   0x08000e30   0x00000004   Code   RO         4014    i.Error_Handler     main.o
    0x08000e34   0x08000e34   0x0000012c   Code   RO            6    i.HAL_CAN_ConfigFilter  stm32f4xx_hal_can.o
    0x08000f60   0x08000f60   0x00000002   Code   RO            8    i.HAL_CAN_ErrorCallback  stm32f4xx_hal_can.o
    0x08000f62   0x08000f62   0x00000002   PAD
    0x08000f64   0x08000f64   0x000001cc   Code   RO           11    i.HAL_CAN_IRQHandler  stm32f4xx_hal_can.o
    0x08001130   0x08001130   0x000001c0   Code   RO           12    i.HAL_CAN_Init      stm32f4xx_hal_can.o
    0x080012f0   0x080012f0   0x00000134   Code   RO         4880    i.HAL_CAN_MspInit   can.o
    0x08001424   0x08001424   0x000000ae   Code   RO           16    i.HAL_CAN_Receive_IT  stm32f4xx_hal_can.o
    0x080014d2   0x080014d2   0x00000002   PAD
    0x080014d4   0x080014d4   0x000000ec   Code   RO         4928    i.HAL_CAN_RxCpltCallback  bsp_can.o
    0x080015c0   0x080015c0   0x00000260   Code   RO           19    i.HAL_CAN_Transmit  stm32f4xx_hal_can.o
    0x08001820   0x08001820   0x00000002   Code   RO           21    i.HAL_CAN_TxCpltCallback  stm32f4xx_hal_can.o
    0x08001822   0x08001822   0x00000028   Code   RO         2564    i.HAL_DMA_Abort_IT  stm32f4xx_hal_dma.o
    0x0800184a   0x0800184a   0x00000002   PAD
    0x0800184c   0x0800184c   0x00000248   Code   RO         2568    i.HAL_DMA_IRQHandler  stm32f4xx_hal_dma.o
    0x08001a94   0x08001a94   0x000000e8   Code   RO         2569    i.HAL_DMA_Init      stm32f4xx_hal_dma.o
    0x08001b7c   0x08001b7c   0x00000066   Code   RO         2572    i.HAL_DMA_Start     stm32f4xx_hal_dma.o
    0x08001be2   0x08001be2   0x0000001a   Code   RO         1100    i.HAL_Delay         stm32f4xx_hal.o
    0x08001bfc   0x08001bfc   0x0000021c   Code   RO          239    i.HAL_GPIO_Init     stm32f4xx_hal_gpio.o
    0x08001e18   0x08001e18   0x0000000c   Code   RO          243    i.HAL_GPIO_WritePin  stm32f4xx_hal_gpio.o
    0x08001e24   0x08001e24   0x0000000c   Code   RO         1108    i.HAL_GetTick       stm32f4xx_hal.o
    0x08001e30   0x08001e30   0x00000010   Code   RO         1109    i.HAL_IncTick       stm32f4xx_hal.o
    0x08001e40   0x08001e40   0x0000003c   Code   RO         1110    i.HAL_Init          stm32f4xx_hal.o
    0x08001e7c   0x08001e7c   0x0000008c   Code   RO         4622    i.HAL_InitTick      stm32f4xx_hal_timebase_tim.o
    0x08001f08   0x08001f08   0x00000056   Code   RO         4334    i.HAL_MspInit       stm32f4xx_hal_msp.o
    0x08001f5e   0x08001f5e   0x0000001a   Code   RO          573    i.HAL_NVIC_EnableIRQ  stm32f4xx_hal_cortex.o
    0x08001f78   0x08001f78   0x0000007c   Code   RO          579    i.HAL_NVIC_SetPriority  stm32f4xx_hal_cortex.o
    0x08001ff4   0x08001ff4   0x00000028   Code   RO          580    i.HAL_NVIC_SetPriorityGrouping  stm32f4xx_hal_cortex.o
    0x0800201c   0x0800201c   0x000000a4   Code   RO         1294    i.HAL_PWREx_EnableOverDrive  stm32f4xx_hal_pwr_ex.o
    0x080020c0   0x080020c0   0x000001d0   Code   RO         2667    i.HAL_RCC_ClockConfig  stm32f4xx_hal_rcc.o
    0x08002290   0x08002290   0x00000044   Code   RO         2671    i.HAL_RCC_GetClockConfig  stm32f4xx_hal_rcc.o
    0x080022d4   0x080022d4   0x0000000c   Code   RO         2672    i.HAL_RCC_GetHCLKFreq  stm32f4xx_hal_rcc.o
    0x080022e0   0x080022e0   0x0000002c   Code   RO         2674    i.HAL_RCC_GetPCLK1Freq  stm32f4xx_hal_rcc.o
    0x0800230c   0x0800230c   0x0000002c   Code   RO         2675    i.HAL_RCC_GetPCLK2Freq  stm32f4xx_hal_rcc.o
    0x08002338   0x08002338   0x000000b4   Code   RO         2676    i.HAL_RCC_GetSysClockFreq  stm32f4xx_hal_rcc.o
    0x080023ec   0x080023ec   0x0000039c   Code   RO         2679    i.HAL_RCC_OscConfig  stm32f4xx_hal_rcc.o
    0x08002788   0x08002788   0x0000008c   Code   RO         1368    i.HAL_SPI_Init      stm32f4xx_hal_spi.o
    0x08002814   0x08002814   0x0000005c   Code   RO         4690    i.HAL_SPI_MspInit   spi.o
    0x08002870   0x08002870   0x0000021e   Code   RO         1377    i.HAL_SPI_TransmitReceive  stm32f4xx_hal_spi.o
    0x08002a8e   0x08002a8e   0x00000028   Code   RO          582    i.HAL_SYSTICK_CLKSourceConfig  stm32f4xx_hal_cortex.o
    0x08002ab6   0x08002ab6   0x00000034   Code   RO          584    i.HAL_SYSTICK_Config  stm32f4xx_hal_cortex.o
    0x08002aea   0x08002aea   0x00000002   Code   RO         1639    i.HAL_TIMEx_BreakCallback  stm32f4xx_hal_tim_ex.o
    0x08002aec   0x08002aec   0x00000002   Code   RO         1640    i.HAL_TIMEx_CommutationCallback  stm32f4xx_hal_tim_ex.o
    0x08002aee   0x08002aee   0x00000050   Code   RO         1641    i.HAL_TIMEx_ConfigBreakDeadTime  stm32f4xx_hal_tim_ex.o
    0x08002b3e   0x08002b3e   0x00000062   Code   RO         1656    i.HAL_TIMEx_MasterConfigSynchronization  stm32f4xx_hal_tim_ex.o
    0x08002ba0   0x08002ba0   0x00000034   Code   RO         1880    i.HAL_TIM_Base_Init  stm32f4xx_hal_tim.o
    0x08002bd4   0x08002bd4   0x00000002   Code   RO         1882    i.HAL_TIM_Base_MspInit  stm32f4xx_hal_tim.o
    0x08002bd6   0x08002bd6   0x0000001e   Code   RO         1885    i.HAL_TIM_Base_Start_IT  stm32f4xx_hal_tim.o
    0x08002bf4   0x08002bf4   0x00000002   Code   RO         1909    i.HAL_TIM_IC_CaptureCallback  stm32f4xx_hal_tim.o
    0x08002bf6   0x08002bf6   0x00000196   Code   RO         1922    i.HAL_TIM_IRQHandler  stm32f4xx_hal_tim.o
    0x08002d8c   0x08002d8c   0x00000164   Code   RO         4256    i.HAL_TIM_MspPostInit  tim.o
    0x08002ef0   0x08002ef0   0x00000002   Code   RO         1925    i.HAL_TIM_OC_DelayElapsedCallback  stm32f4xx_hal_tim.o
    0x08002ef2   0x08002ef2   0x00000108   Code   RO         1946    i.HAL_TIM_PWM_ConfigChannel  stm32f4xx_hal_tim.o
    0x08002ffa   0x08002ffa   0x00000034   Code   RO         1949    i.HAL_TIM_PWM_Init  stm32f4xx_hal_tim.o
    0x0800302e   0x0800302e   0x00000002   PAD
    0x08003030   0x08003030   0x00000110   Code   RO         4258    i.HAL_TIM_PWM_MspInit  tim.o
    0x08003140   0x08003140   0x00000002   Code   RO         1952    i.HAL_TIM_PWM_PulseFinishedCallback  stm32f4xx_hal_tim.o
    0x08003142   0x08003142   0x00000002   PAD
    0x08003144   0x08003144   0x00000018   Code   RO         4015    i.HAL_TIM_PeriodElapsedCallback  main.o
    0x0800315c   0x0800315c   0x00000002   Code   RO         1963    i.HAL_TIM_TriggerCallback  stm32f4xx_hal_tim.o
    0x0800315e   0x0800315e   0x00000002   Code   RO          848    i.HAL_UART_ErrorCallback  stm32f4xx_hal_uart.o
    0x08003160   0x08003160   0x0000014c   Code   RO          851    i.HAL_UART_IRQHandler  stm32f4xx_hal_uart.o
    0x080032ac   0x080032ac   0x00000072   Code   RO          852    i.HAL_UART_Init     stm32f4xx_hal_uart.o
    0x0800331e   0x0800331e   0x00000002   PAD
    0x08003320   0x08003320   0x00000114   Code   RO         4358    i.HAL_UART_MspInit  usart.o
    0x08003434   0x08003434   0x00000064   Code   RO          857    i.HAL_UART_Receive_IT  stm32f4xx_hal_uart.o
    0x08003498   0x08003498   0x000000e8   Code   RO         5233    i.HAL_UART_RxCpltCallback  bsp_uart.o
    0x08003580   0x08003580   0x000000d6   Code   RO          860    i.HAL_UART_Transmit  stm32f4xx_hal_uart.o
    0x08003656   0x08003656   0x00000002   Code   RO          863    i.HAL_UART_TxCpltCallback  stm32f4xx_hal_uart.o
    0x08003658   0x08003658   0x00000004   Code   RO         4741    i.HardFault_Handler  stm32f4xx_it.o
    0x0800365c   0x0800365c   0x00000118   Code   RO         4447    i.J1andJ4_control   freertos.o
    0x08003774   0x08003774   0x0000017c   Code   RO         4448    i.J2andJ3_control   freertos.o
    0x080038f0   0x080038f0   0x0000000a   Code   RO         4449    i.J2andJ3_task      freertos.o
    0x080038fa   0x080038fa   0x00000002   PAD
    0x080038fc   0x080038fc   0x000002a8   Code   RO         4450    i.J5andJ6_control   freertos.o
    0x08003ba4   0x08003ba4   0x0000000a   Code   RO         4451    i.J5andJ6_task      freertos.o
    0x08003bae   0x08003bae   0x00000002   PAD
    0x08003bb0   0x08003bb0   0x00000044   Code   RO         4881    i.MX_CAN1_Init      can.o
    0x08003bf4   0x08003bf4   0x00000048   Code   RO         4882    i.MX_CAN2_Init      can.o
    0x08003c3c   0x08003c3c   0x00000088   Code   RO         4421    i.MX_DMA_Init       dma.o
    0x08003cc4   0x08003cc4   0x00000110   Code   RO         4452    i.MX_FREERTOS_Init  freertos.o
    0x08003dd4   0x08003dd4   0x0000024c   Code   RO         4662    i.MX_GPIO_Init      gpio.o
    0x08004020   0x08004020   0x00000044   Code   RO         4691    i.MX_SPI5_Init      spi.o
    0x08004064   0x08004064   0x000000a0   Code   RO         4262    i.MX_TIM4_Init      tim.o
    0x08004104   0x08004104   0x000000a4   Code   RO         4263    i.MX_TIM5_Init      tim.o
    0x080041a8   0x080041a8   0x00000100   Code   RO         4264    i.MX_TIM8_Init      tim.o
    0x080042a8   0x080042a8   0x00000038   Code   RO         4359    i.MX_UART8_UART_Init  usart.o
    0x080042e0   0x080042e0   0x0000003c   Code   RO         4360    i.MX_USART1_UART_Init  usart.o
    0x0800431c   0x0800431c   0x00000038   Code   RO         4362    i.MX_USART3_UART_Init  usart.o
    0x08004354   0x08004354   0x00000038   Code   RO         4363    i.MX_USART6_UART_Init  usart.o
    0x0800438c   0x0800438c   0x00000004   Code   RO         4742    i.MemManage_Handler  stm32f4xx_it.o
    0x08004390   0x08004390   0x00000002   Code   RO         4743    i.NMI_Handler       stm32f4xx_it.o
    0x08004392   0x08004392   0x00000002   PAD
    0x08004394   0x08004394   0x00000010   Code   RO          586    i.NVIC_GetPriorityGrouping  stm32f4xx_hal_cortex.o
    0x080043a4   0x080043a4   0x00000028   Code   RO          587    i.NVIC_SetPriority  stm32f4xx_hal_cortex.o
    0x080043cc   0x080043cc   0x00000050   Code   RO         5129    i.PID_struct_init   pid.o
    0x0800441c   0x0800441c   0x00000018   Code   RO         5234    i.Robot_Cmd_Queue_init  bsp_uart.o
    0x08004434   0x08004434   0x00000028   Code   RO         1390    i.SPI_CheckFlag_BSY  stm32f4xx_hal_spi.o
    0x0800445c   0x0800445c   0x000000aa   Code   RO         1406    i.SPI_WaitFlagStateUntilTimeout  stm32f4xx_hal_spi.o
    0x08004506   0x08004506   0x00000008   Code   RO         4744    i.SysTick_Handler   stm32f4xx_it.o
    0x0800450e   0x0800450e   0x00000002   PAD
    0x08004510   0x08004510   0x000000cc   Code   RO         4016    i.SystemClock_Config  main.o
    0x080045dc   0x080045dc   0x00000064   Code   RO         2797    i.SystemInit        system_stm32f4xx.o
    0x08004640   0x08004640   0x00000010   Code   RO         4745    i.TIM6_DAC_IRQHandler  stm32f4xx_it.o
    0x08004650   0x08004650   0x000000e4   Code   RO         1964    i.TIM_Base_SetConfig  stm32f4xx_hal_tim.o
    0x08004734   0x08004734   0x00000070   Code   RO         1973    i.TIM_OC1_SetConfig  stm32f4xx_hal_tim.o
    0x080047a4   0x080047a4   0x00000078   Code   RO         1974    i.TIM_OC2_SetConfig  stm32f4xx_hal_tim.o
    0x0800481c   0x0800481c   0x00000078   Code   RO         1975    i.TIM_OC3_SetConfig  stm32f4xx_hal_tim.o
    0x08004894   0x08004894   0x00000060   Code   RO         1976    i.TIM_OC4_SetConfig  stm32f4xx_hal_tim.o
    0x080048f4   0x080048f4   0x00000010   Code   RO         4746    i.UART8_IRQHandler  stm32f4xx_it.o
    0x08004904   0x08004904   0x00000018   Code   RO         5235    i.UART8_Receive_IT  bsp_uart.o
    0x0800491c   0x0800491c   0x00000014   Code   RO          865    i.UART_DMAAbortOnError  stm32f4xx_hal_uart.o
    0x08004930   0x08004930   0x00000020   Code   RO          871    i.UART_EndRxTransfer  stm32f4xx_hal_uart.o
    0x08004950   0x08004950   0x00000020   Code   RO          872    i.UART_EndTransmit_IT  stm32f4xx_hal_uart.o
    0x08004970   0x08004970   0x0000009a   Code   RO          874    i.UART_Receive_IT   stm32f4xx_hal_uart.o
    0x08004a0a   0x08004a0a   0x00000002   PAD
    0x08004a0c   0x08004a0c   0x00000368   Code   RO          875    i.UART_SetConfig    stm32f4xx_hal_uart.o
    0x08004d74   0x08004d74   0x00000068   Code   RO          876    i.UART_Transmit_IT  stm32f4xx_hal_uart.o
    0x08004ddc   0x08004ddc   0x0000006c   Code   RO          877    i.UART_WaitOnFlagUntilTimeout  stm32f4xx_hal_uart.o
    0x08004e48   0x08004e48   0x00000014   Code   RO         4747    i.USART1_IRQHandler  stm32f4xx_it.o
    0x08004e5c   0x08004e5c   0x00000010   Code   RO         4748    i.USART2_IRQHandler  stm32f4xx_it.o
    0x08004e6c   0x08004e6c   0x00000010   Code   RO         4749    i.USART3_IRQHandler  stm32f4xx_it.o
    0x08004e7c   0x08004e7c   0x00000010   Code   RO         4750    i.USART6_IRQHandler  stm32f4xx_it.o
    0x08004e8c   0x08004e8c   0x00000004   Code   RO         4751    i.UsageFault_Handler  stm32f4xx_it.o
    0x08004e90   0x08004e90   0x00000190   Code   RO         5131    i.WH_dodge_attacks_pid1  pid.o
    0x08005020   0x08005020   0x0000025c   Code   RO         4453    i.WH_dodge_move     freertos.o
    0x0800527c   0x0800527c   0x00000170   Code   RO         5132    i.WH_dodge_move_pid  pid.o
    0x080053ec   0x080053ec   0x0000046c   Code   RO         4455    i.WH_moto_chassis   freertos.o
    0x08005858   0x08005858   0x0000018c   Code   RO         5133    i.WH_yaw_angle_pid1  pid.o
    0x080059e4   0x080059e4   0x00000174   Code   RO         5134    i.WH_yaw_angle_pid2  pid.o
    0x08005b58   0x08005b58   0x00000030   Code   RO         5825    i.__ARM_fpclassify  m_wm.l(fpclassify.o)
    0x08005b88   0x08005b88   0x00000360   Code   RO         5728    i.__hardfp_asin     m_wm.l(asin.o)
    0x08005ee8   0x08005ee8   0x000002d8   Code   RO         5797    i.__hardfp_atan     m_wm.l(atan.o)
    0x080061c0   0x080061c0   0x00000200   Code   RO         5742    i.__hardfp_atan2    m_wm.l(atan2.o)
    0x080063c0   0x080063c0   0x00000014   Code   RO         5754    i.__hardfp_fabs     m_wm.l(fabs.o)
    0x080063d4   0x080063d4   0x0000007a   Code   RO         5760    i.__hardfp_sqrt     m_wm.l(sqrt_full.o)
    0x0800644e   0x0800644e   0x000000f8   Code   RO         5827    i.__kernel_poly     m_wm.l(poly.o)
    0x08006546   0x08006546   0x00000014   Code   RO         5812    i.__mathlib_dbl_infnan  m_wm.l(dunder.o)
    0x0800655a   0x0800655a   0x00000014   Code   RO         5813    i.__mathlib_dbl_infnan2  m_wm.l(dunder.o)
    0x0800656e   0x0800656e   0x00000002   PAD
    0x08006570   0x08006570   0x00000020   Code   RO         5814    i.__mathlib_dbl_invalid  m_wm.l(dunder.o)
    0x08006590   0x08006590   0x00000020   Code   RO         5817    i.__mathlib_dbl_underflow  m_wm.l(dunder.o)
    0x080065b0   0x080065b0   0x0000000e   Code   RO         5872    i.__scatterload_copy  mc_w.l(handlers.o)
    0x080065be   0x080065be   0x00000002   Code   RO         5873    i.__scatterload_null  mc_w.l(handlers.o)
    0x080065c0   0x080065c0   0x0000000e   Code   RO         5874    i.__scatterload_zeroinit  mc_w.l(handlers.o)
    0x080065ce   0x080065ce   0x00000002   PAD
    0x080065d0   0x080065d0   0x0000000c   Code   RO         5852    i.__set_errno       mc_w.l(errno.o)
    0x080065dc   0x080065dc   0x0000002e   Code   RO         5136    i.abs_limit         pid.o
    0x0800660a   0x0800660a   0x00000002   PAD
    0x0800660c   0x0800660c   0x00000068   Code   RO         4456    i.all_jointcontrol  freertos.o
    0x08006674   0x08006674   0x00000010   Code   RO         5799    i.atan              m_wm.l(atan.o)
    0x08006684   0x08006684   0x00000060   Code   RO         4931    i.ctrl_motor2       bsp_can.o
    0x080066e4   0x080066e4   0x0000000e   Code   RO         4457    i.dbus_task         freertos.o
    0x080066f2   0x080066f2   0x00000002   PAD
    0x080066f4   0x080066f4   0x00000040   Code   RO         5236    i.dbus_uart_init    bsp_uart.o
    0x08006734   0x08006734   0x00000050   Code   RO         4017    i.dianyuan_Init     main.o
    0x08006784   0x08006784   0x00000008   Code   RO         5237    i.dma_current_data_counter  bsp_uart.o
    0x0800678c   0x0800678c   0x00000094   Code   RO         4458    i.dodge_attacks     freertos.o
    0x08006820   0x08006820   0x00000018   Code   RO         5756    i.fabs              m_wm.l(fabs.o)
    0x08006838   0x08006838   0x00000060   Code   RO         4459    i.follow_head       freertos.o
    0x08006898   0x08006898   0x00000094   Code   RO         4934    i.get_moto_measure  bsp_can.o
    0x0800692c   0x0800692c   0x00000014   Code   RO         4935    i.get_moto_offset   bsp_can.o
    0x08006940   0x08006940   0x000007a4   Code   RO         5320    i.imu_ahrs_update   bsp_imu.o
    0x080070e4   0x080070e4   0x00000218   Code   RO         5321    i.imu_attitude_update  bsp_imu.o
    0x080072fc   0x080072fc   0x000002c4   Code   RO         5322    i.init_quaternion   bsp_imu.o
    0x080075c0   0x080075c0   0x0000003c   Code   RO         5323    i.inv_sqrt          bsp_imu.o
    0x080075fc   0x080075fc   0x00000010   Code   RO         5324    i.ist8310_get_data  bsp_imu.o
    0x0800760c   0x0800760c   0x00000110   Code   RO         5325    i.ist8310_init      bsp_imu.o
    0x0800771c   0x0800771c   0x0000003a   Code   RO         5326    i.ist_reg_read_by_mpu  bsp_imu.o
    0x08007756   0x08007756   0x00000040   Code   RO         5327    i.ist_reg_write_by_mpu  bsp_imu.o
    0x08007796   0x08007796   0x00000002   PAD
    0x08007798   0x08007798   0x00000128   Code   RO         4018    i.main              main.o
    0x080078c0   0x080078c0   0x0000000e   Code   RO         3471    i.makeFreeRtosPriority  cmsis_os.o
    0x080078ce   0x080078ce   0x0000000e   Code   RO         4460    i.moto_chassis_task  freertos.o
    0x080078dc   0x080078dc   0x00000068   Code   RO         5328    i.mpu_device_init   bsp_imu.o
    0x08007944   0x08007944   0x00000170   Code   RO         5329    i.mpu_get_data      bsp_imu.o
    0x08007ab4   0x08007ab4   0x0000008c   Code   RO         5330    i.mpu_master_i2c_auto_read_config  bsp_imu.o
    0x08007b40   0x08007b40   0x00000130   Code   RO         5331    i.mpu_offset_call   bsp_imu.o
    0x08007c70   0x08007c70   0x00000054   Code   RO         5332    i.mpu_read_byte     bsp_imu.o
    0x08007cc4   0x08007cc4   0x00000064   Code   RO         5333    i.mpu_read_bytes    bsp_imu.o
    0x08007d28   0x08007d28   0x00000010   Code   RO         5334    i.mpu_set_accel_fsr  bsp_imu.o
    0x08007d38   0x08007d38   0x00000010   Code   RO         5335    i.mpu_set_gyro_fsr  bsp_imu.o
    0x08007d48   0x08007d48   0x0000007c   Code   RO         4461    i.mpu_task          freertos.o
    0x08007dc4   0x08007dc4   0x00000016   Code   RO         4462    i.mpu_task_chassis_calc_task  freertos.o
    0x08007dda   0x08007dda   0x00000002   PAD
    0x08007ddc   0x08007ddc   0x00000688   Code   RO         4463    i.mpu_task_head_calc_task  freertos.o
    0x08008464   0x08008464   0x00000058   Code   RO         5336    i.mpu_write_byte    bsp_imu.o
    0x080084bc   0x080084bc   0x00000070   Code   RO         4937    i.my_can_filter_init_recv_all  bsp_can.o
    0x0800852c   0x0800852c   0x00000018   Code   RO         3472    i.osDelay           cmsis_os.o
    0x08008544   0x08008544   0x0000000a   Code   RO         3475    i.osKernelStart     cmsis_os.o
    0x0800854e   0x0800854e   0x00000010   Code   RO         3504    i.osSystickHandler  cmsis_os.o
    0x0800855e   0x0800855e   0x0000003a   Code   RO         3505    i.osThreadCreate    cmsis_os.o
    0x08008598   0x08008598   0x00000260   Code   RO         5137    i.pid_calc          pid.o
    0x080087f8   0x080087f8   0x00000018   Code   RO         5138    i.pid_param_init    pid.o
    0x08008810   0x08008810   0x0000000e   Code   RO         5139    i.pid_reset         pid.o
    0x0800881e   0x0800881e   0x00000002   PAD
    0x08008820   0x08008820   0x00000054   Code   RO         2896    i.prvAddCurrentTaskToDelayedList  tasks.o
    0x08008874   0x08008874   0x00000042   Code   RO         2897    i.prvAllocateTCBAndStack  tasks.o
    0x080088b6   0x080088b6   0x00000002   PAD
    0x080088b8   0x080088b8   0x00000064   Code   RO         2898    i.prvCheckTasksWaitingTermination  tasks.o
    0x0800891c   0x0800891c   0x0000002a   Code   RO         3262    i.prvCopyDataFromQueue  queue.o
    0x08008946   0x08008946   0x00000080   Code   RO         3263    i.prvCopyDataToQueue  queue.o
    0x080089c6   0x080089c6   0x00000012   Code   RO         2899    i.prvDeleteTCB      tasks.o
    0x080089d8   0x080089d8   0x0000007c   Code   RO         3953    i.prvHeapInit       heap_4.o
    0x08008a54   0x08008a54   0x00000028   Code   RO         2900    i.prvIdleTask       tasks.o
    0x08008a7c   0x08008a7c   0x00000062   Code   RO         2901    i.prvInitialiseTCBVariables  tasks.o
    0x08008ade   0x08008ade   0x00000002   PAD
    0x08008ae0   0x08008ae0   0x00000068   Code   RO         2902    i.prvInitialiseTaskLists  tasks.o
    0x08008b48   0x08008b48   0x00000068   Code   RO         3954    i.prvInsertBlockIntoFreeList  heap_4.o
    0x08008bb0   0x08008bb0   0x0000001a   Code   RO         3264    i.prvIsQueueEmpty   queue.o
    0x08008bca   0x08008bca   0x00000002   PAD
    0x08008bcc   0x08008bcc   0x00000034   Code   RO         2904    i.prvResetNextTaskUnblockTime  tasks.o
    0x08008c00   0x08008c00   0x00000040   Code   RO         3889    i.prvTaskExitError  port.o
    0x08008c40   0x08008c40   0x0000007e   Code   RO         3266    i.prvUnlockQueue    queue.o
    0x08008cbe   0x08008cbe   0x00000002   PAD
    0x08008cc0   0x08008cc0   0x0000007c   Code   RO         4464    i.pump_oc           freertos.o
    0x08008d3c   0x08008d3c   0x0000000e   Code   RO         4465    i.pump_task         freertos.o
    0x08008d4a   0x08008d4a   0x00000002   PAD
    0x08008d4c   0x08008d4c   0x0000013c   Code   RO         3955    i.pvPortMalloc      heap_4.o
    0x08008e88   0x08008e88   0x00000020   Code   RO         2907    i.pvTaskIncrementMutexHeldCount  tasks.o
    0x08008ea8   0x08008ea8   0x00000028   Code   RO         3890    i.pxPortInitialiseStack  port.o
    0x08008ed0   0x08008ed0   0x00000198   Code   RO         5238    i.rc_callback_handler  bsp_uart.o
    0x08009068   0x08009068   0x00000060   Code   RO         4939    i.set_moto_current  bsp_can.o
    0x080090c8   0x080090c8   0x000000f8   Code   RO         4466    i.set_robot_current_task  freertos.o
    0x080091c0   0x080091c0   0x0000006e   Code   RO         5762    i.sqrt              m_wm.l(sqrt_full.o)
    0x0800922e   0x0800922e   0x00000048   Code   RO         5239    i.uart_receive_dma_no_it  bsp_uart.o
    0x08009276   0x08009276   0x00000022   Code   RO         5240    i.uart_receive_handler  bsp_uart.o
    0x08009298   0x08009298   0x00000070   Code   RO         5241    i.uart_rx_idle_callback  bsp_uart.o
    0x08009308   0x08009308   0x00000028   Code   RO         3431    i.uxListRemove      list.o
    0x08009330   0x08009330   0x0000002a   Code   RO         3269    i.uxQueueMessagesWaiting  queue.o
    0x0800935a   0x0800935a   0x0000001a   Code   RO         3432    i.vListInitialise   list.o
    0x08009374   0x08009374   0x00000006   Code   RO         3433    i.vListInitialiseItem  list.o
    0x0800937a   0x0800937a   0x00000034   Code   RO         3434    i.vListInsert       list.o
    0x080093ae   0x080093ae   0x00000018   Code   RO         3435    i.vListInsertEnd    list.o
    0x080093c6   0x080093c6   0x00000002   PAD
    0x080093c8   0x080093c8   0x00000054   Code   RO         3892    i.vPortEnterCritical  port.o
    0x0800941c   0x0800941c   0x0000003c   Code   RO         3893    i.vPortExitCritical  port.o
    0x08009458   0x08009458   0x00000094   Code   RO         3956    i.vPortFree         heap_4.o
    0x080094ec   0x080094ec   0x00000020   Code   RO         3894    i.vPortSetupTimerInterrupt  port.o
    0x0800950c   0x0800950c   0x00000078   Code   RO         3895    i.vPortValidateInterruptPriority  port.o
    0x08009584   0x08009584   0x0000008c   Code   RO         2915    i.vTaskDelay        tasks.o
    0x08009610   0x08009610   0x0000000c   Code   RO         2918    i.vTaskMissedYield  tasks.o
    0x0800961c   0x0800961c   0x0000007c   Code   RO         2920    i.vTaskPlaceOnEventList  tasks.o
    0x08009698   0x08009698   0x000000b0   Code   RO         2922    i.vTaskPriorityInherit  tasks.o
    0x08009748   0x08009748   0x00000030   Code   RO         2926    i.vTaskSetTimeOutState  tasks.o
    0x08009778   0x08009778   0x0000007c   Code   RO         2927    i.vTaskStartScheduler  tasks.o
    0x080097f4   0x080097f4   0x00000010   Code   RO         2929    i.vTaskSuspendAll   tasks.o
    0x08009804   0x08009804   0x0000008c   Code   RO         2930    i.vTaskSwitchContext  tasks.o
    0x08009890   0x08009890   0x0000013c   Code   RO         3896    i.xPortStartScheduler  port.o
    0x080099cc   0x080099cc   0x00000034   Code   RO         3897    i.xPortSysTickHandler  port.o
    0x08009a00   0x08009a00   0x00000086   Code   RO         3277    i.xQueueGenericCreate  queue.o
    0x08009a86   0x08009a86   0x00000002   PAD
    0x08009a88   0x08009a88   0x000001ac   Code   RO         3278    i.xQueueGenericReceive  queue.o
    0x08009c34   0x08009c34   0x00000094   Code   RO         3279    i.xQueueGenericReset  queue.o
    0x08009cc8   0x08009cc8   0x000000f0   Code   RO         3281    i.xQueueGenericSendFromISR  queue.o
    0x08009db8   0x08009db8   0x0000008c   Code   RO         2931    i.xTaskCheckForTimeOut  tasks.o
    0x08009e44   0x08009e44   0x00000170   Code   RO         2932    i.xTaskGenericCreate  tasks.o
    0x08009fb4   0x08009fb4   0x00000020   Code   RO         2936    i.xTaskGetSchedulerState  tasks.o
    0x08009fd4   0x08009fd4   0x0000014c   Code   RO         2939    i.xTaskIncrementTick  tasks.o
    0x0800a120   0x0800a120   0x000000c8   Code   RO         2942    i.xTaskPriorityDisinherit  tasks.o
    0x0800a1e8   0x0800a1e8   0x00000098   Code   RO         2943    i.xTaskRemoveFromEventList  tasks.o
    0x0800a280   0x0800a280   0x00000104   Code   RO         2945    i.xTaskResumeAll    tasks.o
    0x0800a384   0x0800a384   0x00000008   Data   RO         2575    .constdata          stm32f4xx_hal_dma.o
    0x0800a38c   0x0800a38c   0x00000010   Data   RO         2680    .constdata          stm32f4xx_hal_rcc.o
    0x0800a39c   0x0800a39c   0x000000c8   Data   RO         4468    .constdata          freertos.o
    0x0800a464   0x0800a464   0x00000014   Data   RO         5338    .constdata          bsp_imu.o
    0x0800a478   0x0800a478   0x00000804   Data   RO         5705    .constdata          arm_cortexM4lf_math.lib(arm_common_tables.o)
    0x0800ac7c   0x0800ac7c   0x00000004   PAD
    0x0800ac80   0x0800ac80   0x00000050   Data   RO         5731    .constdata          m_wm.l(asin.o)
    0x0800acd0   0x0800acd0   0x00000098   Data   RO         5800    .constdata          m_wm.l(atan.o)
    0x0800ad68   0x0800ad68   0x00000008   Data   RO         5829    .constdata          m_wm.l(qnan.o)
    0x0800ad70   0x0800ad70   0x0000009d   Data   RO         4469    .conststring        freertos.o
    0x0800ae0d   0x0800ae0d   0x00000003   PAD
    0x0800ae10   0x0800ae10   0x00000020   Data   RO         5870    Region$$Table       anon$$obj.o


    Execution Region RW_IRAM1 (Exec base: 0x20000000, Load base: 0x0800ae30, Size: 0x00005398, Max: 0x00030000, ABSOLUTE, COMPRESSED[0x00000014])

    Exec Addr    Load Addr    Size         Type   Attr      Idx    E Section Name        Object

    0x20000000   COMPRESSED   0x00000004   Data   RW         1116    .data               stm32f4xx_hal.o
    0x20000004   COMPRESSED   0x00000004   Data   RW         2799    .data               system_stm32f4xx.o
    0x20000008   COMPRESSED   0x00000038   Data   RW         2948    .data               tasks.o
    0x20000040   COMPRESSED   0x0000000c   Data   RW         3898    .data               port.o
    0x2000004c   COMPRESSED   0x00000018   Data   RW         3961    .data               heap_4.o
    0x20000064   COMPRESSED   0x00000004   PAD
    0x20000068   COMPRESSED   0x000000b0   Data   RW         4470    .data               freertos.o
    0x20000118   COMPRESSED   0x00000004   Data   RW         4884    .data               can.o
    0x2000011c   COMPRESSED   0x00000005   Data   RW         4943    .data               bsp_can.o
    0x20000121   COMPRESSED   0x00000003   PAD
    0x20000124   COMPRESSED   0x00000007   Data   RW         5243    .data               bsp_uart.o
    0x2000012b   COMPRESSED   0x00000001   PAD
    0x2000012c   COMPRESSED   0x0000005f   Data   RW         5339    .data               bsp_imu.o
    0x2000018b   COMPRESSED   0x00000001   PAD
    0x2000018c   COMPRESSED   0x00000004   Data   RW         5853    .data               mc_w.l(errno.o)
    0x20000190        -       0x000000f0   Zero   RW         2947    .bss                tasks.o
    0x20000280        -       0x00003c00   Zero   RW         3960    .bss                heap_4.o
    0x20003e80        -       0x00000168   Zero   RW         4265    .bss                tim.o
    0x20003fe8        -       0x000002c0   Zero   RW         4364    .bss                usart.o
    0x200042a8        -       0x00000188   Zero   RW         4467    .bss                freertos.o
    0x20004430        -       0x0000003c   Zero   RW         4625    .bss                stm32f4xx_hal_timebase_tim.o
    0x2000446c        -       0x00000058   Zero   RW         4692    .bss                spi.o
    0x200044c4        -       0x00000080   Zero   RW         4883    .bss                can.o
    0x20004544        -       0x00000230   Zero   RW         4942    .bss                bsp_can.o
    0x20004774        -       0x0000072c   Zero   RW         5142    .bss                pid.o
    0x20004ea0        -       0x0000008e   Zero   RW         5242    .bss                bsp_uart.o
    0x20004f2e   COMPRESSED   0x00000002   PAD
    0x20004f30        -       0x00000064   Zero   RW         5337    .bss                bsp_imu.o
    0x20004f94   COMPRESSED   0x00000004   PAD
    0x20004f98        -       0x00000400   Zero   RW         2786    STACK               startup_stm32f427xx.o


==============================================================================

Image component sizes


      Code (inc. data)   RO Data    RW Data    ZI Data      Debug   Object Name

       708         54          0          5        560      42499   bsp_can.o
      4890        384         20         95        100      12888   bsp_imu.o
       978         70          0          7        142       6062   bsp_uart.o
       448         42          0          4        128       2278   can.o
       122          0          0          0          0      15646   cmsis_os.o
       136          6          0          0          0        782   dma.o
      5948        538        357        176        392      14124   freertos.o
       588         40          0          0          0       1279   gpio.o
       692         62          0         24      15360       7127   heap_4.o
       148          0          0          0          0       3486   list.o
       608         56          0          0          0     356577   main.o
      2308         88          0          0       1836      10276   pid.o
       954         90          0         12          0       9285   port.o
      1314          8          0          0          0      10242   queue.o
       160         20          0          0         88       1541   spi.o
        36          8        428          0       1024        792   startup_stm32f427xx.o
       114         16          0          4          0       3492   stm32f4xx_hal.o
      2534         34          0          0          0     363136   stm32f4xx_hal_can.o
       338         22          0          0          0      31401   stm32f4xx_hal_cortex.o
      1240         20          8          0          0       6039   stm32f4xx_hal_dma.o
       552         54          0          0          0       2388   stm32f4xx_hal_gpio.o
        86          0          0          0          0        498   stm32f4xx_hal_msp.o
       164         12          0          0          0       1252   stm32f4xx_hal_pwr_ex.o
      1736         80         16          0          0       6220   stm32f4xx_hal_rcc.o
       892          0          0          0          0       4233   stm32f4xx_hal_spi.o
      1490         80          0          0          0      10553   stm32f4xx_hal_tim.o
       182          0          0          0          0       3006   stm32f4xx_hal_tim_ex.o
       140         18          0          0         60       1456   stm32f4xx_hal_timebase_tim.o
      2086         14          0          0          0       9715   stm32f4xx_hal_uart.o
       256         82          0          0          0      10006   stm32f4xx_it.o
       100         18          0          4          0     135625   system_stm32f4xx.o
      2858        368          0         56        240      36246   tasks.o
      1208         94          0          0        360       4188   tim.o
         0          0          0          0          0       8080   timers.o
       504         72          0          0        704       3579   usart.o

    ----------------------------------------------------------------------
     36568       2450        864        396      21000    1135997   Object Totals
         0          0         32          0          0          0   (incl. Generated)
        50          0          3          9          6          0   (incl. Padding)

    ----------------------------------------------------------------------

      Code (inc. data)   RO Data    RW Data    ZI Data      Debug   Library Member Name

         0          0       2052          0          0       4636   arm_common_tables.o
       120         12          0          0          0      16970   arm_cos_f32.o
       116         12          0          0          0        658   arm_sin_f32.o
       864         94         80          0          0        280   asin.o
       744        106        152          0          0        352   atan.o
       512         64          0          0          0        208   atan2.o
       104         16          0          0          0        496   dunder.o
        44          0          0          0          0        248   fabs.o
        48          0          0          0          0        124   fpclassify.o
       248          0          0          0          0        152   poly.o
         0          0          8          0          0          0   qnan.o
       232          0          0          0          0        296   sqrt_full.o
        86          0          0          0          0          0   __dczerorl2.o
         0          0          0          0          0          0   entry.o
         0          0          0          0          0          0   entry10a.o
         0          0          0          0          0          0   entry11a.o
         4          0          0          0          0          0   entry12b.o
         8          4          0          0          0          0   entry2.o
         4          0          0          0          0          0   entry5.o
         0          0          0          0          0          0   entry7b.o
         0          0          0          0          0          0   entry8b.o
         8          4          0          0          0          0   entry9a.o
        12          6          0          4          0         68   errno.o
        30          0          0          0          0          0   handlers.o
        36          8          0          0          0         68   init.o
         0          0          0          0          0          0   iusefp.o
        30          0          0          0          0         68   llshl.o
        36          0          0          0          0         68   llsshr.o
        32          0          0          0          0         68   llushr.o
        36          0          0          0          0         68   memcpya.o
        36          0          0          0          0        108   memseta.o
        48          0          0          0          0         68   cdcmple.o
        48          0          0          0          0         68   cdrcmple.o
        56          0          0          0          0         88   d2f.o
       334          0          0          0          0        148   dadd.o
       222          0          0          0          0        100   ddiv.o
       186          0          0          0          0        176   depilogue.o
        34          0          0          0          0         76   dflti.o
       228          0          0          0          0         96   dmul.o
       162          0          0          0          0        100   dsqrt.o
        38          0          0          0          0         68   f2d.o
       110          0          0          0          0        168   fepilogue.o

    ----------------------------------------------------------------------
      4864        326       2296          4          0      26092   Library Totals
         8          0          4          0          0          0   (incl. Padding)

    ----------------------------------------------------------------------

      Code (inc. data)   RO Data    RW Data    ZI Data      Debug   Library Name

       236         24       2052          0          0      22264   arm_cortexM4lf_math.lib
      2796        280        240          0          0       2156   m_wm.l
       358         22          0          4          0        516   mc_w.l
      1466          0          0          0          0       1156   mf_w.l

    ----------------------------------------------------------------------
      4864        326       2296          4          0      26092   Library Totals

    ----------------------------------------------------------------------

==============================================================================


      Code (inc. data)   RO Data    RW Data    ZI Data      Debug   

     41432       2776       3160        400      21000    1137493   Grand Totals
     41432       2776       3160         20      21000    1137493   ELF Image Totals (compressed)
     41432       2776       3160         20          0          0   ROM Totals

==============================================================================

    Total RO  Size (Code + RO Data)                44592 (  43.55kB)
    Total RW  Size (RW Data + ZI Data)             21400 (  20.90kB)
    Total ROM Size (Code + RO Data + RW Data)      44612 (  43.57kB)

==============================================================================

